[1.771s] Invoking command in '/home/aymon/frontier_exploration_ws/frontier_exploration': DEBUGINFOD_URLS=https://debuginfod.ubuntu.com PYTHONPATH=/home/aymon/frontier_exploration_ws/build/frontier_exploration/prefix_override:/usr/lib/python3/dist-packages/colcon_core/task/python/colcon_distutils_commands:/home/aymon/frontier_exploration_ws/install/frontier_exploration/lib/python3.12/site-packages:${PYTHONPATH} /usr/bin/python3 -W ignore:setup.py install is deprecated -W ignore:easy_install command is deprecated setup.py egg_info --egg-base ../build/frontier_exploration build --build-base /home/aymon/frontier_exploration_ws/build/frontier_exploration/build install --record /home/aymon/frontier_exploration_ws/build/frontier_exploration/install.log --single-version-externally-managed install_data
[2.282s] running egg_info
[2.317s] writing ../build/frontier_exploration/frontier_exploration.egg-info/PKG-INFO
[2.317s] writing dependency_links to ../build/frontier_exploration/frontier_exploration.egg-info/dependency_links.txt
[2.318s] writing entry points to ../build/frontier_exploration/frontier_exploration.egg-info/entry_points.txt
[2.318s] writing requirements to ../build/frontier_exploration/frontier_exploration.egg-info/requires.txt
[2.318s] writing top-level names to ../build/frontier_exploration/frontier_exploration.egg-info/top_level.txt
[2.388s] reading manifest file '../build/frontier_exploration/frontier_exploration.egg-info/SOURCES.txt'
[2.389s] writing manifest file '../build/frontier_exploration/frontier_exploration.egg-info/SOURCES.txt'
[2.389s] running build
[2.392s] running build_py
[2.394s] copying frontier_exploration/map_utils.py -> /home/aymon/frontier_exploration_ws/build/frontier_exploration/build/lib/frontier_exploration
[2.396s] running install
[2.410s] running install_lib
[2.445s] copying /home/aymon/frontier_exploration_ws/build/frontier_exploration/build/lib/frontier_exploration/map_utils.py -> /home/aymon/frontier_exploration_ws/install/frontier_exploration/lib/python3.12/site-packages/frontier_exploration
[2.449s] byte-compiling /home/aymon/frontier_exploration_ws/install/frontier_exploration/lib/python3.12/site-packages/frontier_exploration/map_utils.py to map_utils.cpython-312.pyc
[2.456s] running install_data
[2.456s] running install_egg_info
[2.488s] removing '/home/aymon/frontier_exploration_ws/install/frontier_exploration/lib/python3.12/site-packages/frontier_exploration-0.0.0-py3.12.egg-info' (and everything under it)
[2.491s] Copying ../build/frontier_exploration/frontier_exploration.egg-info to /home/aymon/frontier_exploration_ws/install/frontier_exploration/lib/python3.12/site-packages/frontier_exploration-0.0.0-py3.12.egg-info
[2.491s] running install_scripts
[2.777s] Installing exploration script to /home/aymon/frontier_exploration_ws/install/frontier_exploration/lib/frontier_exploration
[2.778s] Installing map_utils script to /home/aymon/frontier_exploration_ws/install/frontier_exploration/lib/frontier_exploration
[2.778s] Installing training_data_collector script to /home/aymon/frontier_exploration_ws/install/frontier_exploration/lib/frontier_exploration
[2.778s] writing list of installed files to '/home/aymon/frontier_exploration_ws/build/frontier_exploration/install.log'
[2.873s] Invoked command in '/home/aymon/frontier_exploration_ws/frontier_exploration' returned '0': DEBUGINFOD_URLS=https://debuginfod.ubuntu.com PYTHONPATH=/home/aymon/frontier_exploration_ws/build/frontier_exploration/prefix_override:/usr/lib/python3/dist-packages/colcon_core/task/python/colcon_distutils_commands:/home/aymon/frontier_exploration_ws/install/frontier_exploration/lib/python3.12/site-packages:${PYTHONPATH} /usr/bin/python3 -W ignore:setup.py install is deprecated -W ignore:easy_install command is deprecated setup.py egg_info --egg-base ../build/frontier_exploration build --build-base /home/aymon/frontier_exploration_ws/build/frontier_exploration/build install --record /home/aymon/frontier_exploration_ws/build/frontier_exploration/install.log --single-version-externally-managed install_data
