[0.798s] Invoking command in '/home/aymon/frontier_exploration_ws/frontier_exploration': DEBUGINFOD_URLS=https://debuginfod.ubuntu.com PYTHONPATH=/home/aymon/frontier_exploration_ws/build/frontier_exploration/prefix_override:/usr/lib/python3/dist-packages/colcon_core/task/python/colcon_distutils_commands:/home/aymon/frontier_exploration_ws/install/frontier_exploration/lib/python3.12/site-packages:${PYTHONPATH} /usr/bin/python3 -W ignore:setup.py install is deprecated -W ignore:easy_install command is deprecated setup.py egg_info --egg-base ../build/frontier_exploration build --build-base /home/aymon/frontier_exploration_ws/build/frontier_exploration/build install --record /home/aymon/frontier_exploration_ws/build/frontier_exploration/install.log --single-version-externally-managed install_data
[1.038s] running egg_info
[1.058s] writing ../build/frontier_exploration/frontier_exploration.egg-info/PKG-INFO
[1.069s] writing dependency_links to ../build/frontier_exploration/frontier_exploration.egg-info/dependency_links.txt
[1.069s] writing entry points to ../build/frontier_exploration/frontier_exploration.egg-info/entry_points.txt
[1.069s] writing requirements to ../build/frontier_exploration/frontier_exploration.egg-info/requires.txt
[1.069s] writing top-level names to ../build/frontier_exploration/frontier_exploration.egg-info/top_level.txt
[1.106s] reading manifest file '../build/frontier_exploration/frontier_exploration.egg-info/SOURCES.txt'
[1.107s] writing manifest file '../build/frontier_exploration/frontier_exploration.egg-info/SOURCES.txt'
[1.108s] running build
[1.108s] running build_py
[1.108s] copying frontier_exploration/exploration.py -> /home/aymon/frontier_exploration_ws/build/frontier_exploration/build/lib/frontier_exploration
[1.109s] copying frontier_exploration/metric_subscriber.py -> /home/aymon/frontier_exploration_ws/build/frontier_exploration/build/lib/frontier_exploration
[1.109s] running install
[1.113s] running install_lib
[1.133s] copying /home/aymon/frontier_exploration_ws/build/frontier_exploration/build/lib/frontier_exploration/exploration.py -> /home/aymon/frontier_exploration_ws/install/frontier_exploration/lib/python3.12/site-packages/frontier_exploration
[1.133s] copying /home/aymon/frontier_exploration_ws/build/frontier_exploration/build/lib/frontier_exploration/metric_subscriber.py -> /home/aymon/frontier_exploration_ws/install/frontier_exploration/lib/python3.12/site-packages/frontier_exploration
[1.134s] byte-compiling /home/aymon/frontier_exploration_ws/install/frontier_exploration/lib/python3.12/site-packages/frontier_exploration/exploration.py to exploration.cpython-312.pyc
[1.136s] byte-compiling /home/aymon/frontier_exploration_ws/install/frontier_exploration/lib/python3.12/site-packages/frontier_exploration/metric_subscriber.py to metric_subscriber.cpython-312.pyc
[1.137s] running install_data
[1.137s] running install_egg_info
[1.159s] removing '/home/aymon/frontier_exploration_ws/install/frontier_exploration/lib/python3.12/site-packages/frontier_exploration-0.0.0-py3.12.egg-info' (and everything under it)
[1.159s] Copying ../build/frontier_exploration/frontier_exploration.egg-info to /home/aymon/frontier_exploration_ws/install/frontier_exploration/lib/python3.12/site-packages/frontier_exploration-0.0.0-py3.12.egg-info
[1.160s] running install_scripts
[1.290s] Installing exploration script to /home/aymon/frontier_exploration_ws/install/frontier_exploration/lib/frontier_exploration
[1.301s] Installing map_utils script to /home/aymon/frontier_exploration_ws/install/frontier_exploration/lib/frontier_exploration
[1.302s] Installing metric_subscriber script to /home/aymon/frontier_exploration_ws/install/frontier_exploration/lib/frontier_exploration
[1.302s] Installing training_data_collector script to /home/aymon/frontier_exploration_ws/install/frontier_exploration/lib/frontier_exploration
[1.302s] writing list of installed files to '/home/aymon/frontier_exploration_ws/build/frontier_exploration/install.log'
[1.325s] Invoked command in '/home/aymon/frontier_exploration_ws/frontier_exploration' returned '0': DEBUGINFOD_URLS=https://debuginfod.ubuntu.com PYTHONPATH=/home/aymon/frontier_exploration_ws/build/frontier_exploration/prefix_override:/usr/lib/python3/dist-packages/colcon_core/task/python/colcon_distutils_commands:/home/aymon/frontier_exploration_ws/install/frontier_exploration/lib/python3.12/site-packages:${PYTHONPATH} /usr/bin/python3 -W ignore:setup.py install is deprecated -W ignore:easy_install command is deprecated setup.py egg_info --egg-base ../build/frontier_exploration build --build-base /home/aymon/frontier_exploration_ws/build/frontier_exploration/build install --record /home/aymon/frontier_exploration_ws/build/frontier_exploration/install.log --single-version-externally-managed install_data
