running egg_info
creating ../build/frontier_exploration/frontier_exploration.egg-info
writing ../build/frontier_exploration/frontier_exploration.egg-info/PKG-INFO
writing dependency_links to ../build/frontier_exploration/frontier_exploration.egg-info/dependency_links.txt
writing requirements to ../build/frontier_exploration/frontier_exploration.egg-info/requires.txt
writing top-level names to ../build/frontier_exploration/frontier_exploration.egg-info/top_level.txt
writing manifest file '../build/frontier_exploration/frontier_exploration.egg-info/SOURCES.txt'
reading manifest file '../build/frontier_exploration/frontier_exploration.egg-info/SOURCES.txt'
writing manifest file '../build/frontier_exploration/frontier_exploration.egg-info/SOURCES.txt'
running build
running build_py
creating /home/aymon/frontier_exploration_ws/build/frontier_exploration/build
creating /home/aymon/frontier_exploration_ws/build/frontier_exploration/build/lib
creating /home/aymon/frontier_exploration_ws/build/frontier_exploration/build/lib/frontier_exploration
copying frontier_exploration/map_utils.py -> /home/aymon/frontier_exploration_ws/build/frontier_exploration/build/lib/frontier_exploration
copying frontier_exploration/exploration.py -> /home/aymon/frontier_exploration_ws/build/frontier_exploration/build/lib/frontier_exploration
copying frontier_exploration/__init__.py -> /home/aymon/frontier_exploration_ws/build/frontier_exploration/build/lib/frontier_exploration
running install
running install_lib
creating /home/aymon/frontier_exploration_ws/install/frontier_exploration/lib/python3.12/site-packages/frontier_exploration
copying /home/aymon/frontier_exploration_ws/build/frontier_exploration/build/lib/frontier_exploration/map_utils.py -> /home/aymon/frontier_exploration_ws/install/frontier_exploration/lib/python3.12/site-packages/frontier_exploration
copying /home/aymon/frontier_exploration_ws/build/frontier_exploration/build/lib/frontier_exploration/exploration.py -> /home/aymon/frontier_exploration_ws/install/frontier_exploration/lib/python3.12/site-packages/frontier_exploration
copying /home/aymon/frontier_exploration_ws/build/frontier_exploration/build/lib/frontier_exploration/__init__.py -> /home/aymon/frontier_exploration_ws/install/frontier_exploration/lib/python3.12/site-packages/frontier_exploration
byte-compiling /home/aymon/frontier_exploration_ws/install/frontier_exploration/lib/python3.12/site-packages/frontier_exploration/map_utils.py to map_utils.cpython-312.pyc
byte-compiling /home/aymon/frontier_exploration_ws/install/frontier_exploration/lib/python3.12/site-packages/frontier_exploration/exploration.py to exploration.cpython-312.pyc
byte-compiling /home/aymon/frontier_exploration_ws/install/frontier_exploration/lib/python3.12/site-packages/frontier_exploration/__init__.py to __init__.cpython-312.pyc
running install_data
copying resource/frontier_exploration -> /home/aymon/frontier_exploration_ws/install/frontier_exploration/share/ament_index/resource_index/packages
copying package.xml -> /home/aymon/frontier_exploration_ws/install/frontier_exploration/share/frontier_exploration
running install_egg_info
Copying ../build/frontier_exploration/frontier_exploration.egg-info to /home/aymon/frontier_exploration_ws/install/frontier_exploration/lib/python3.12/site-packages/frontier_exploration-0.0.0-py3.12.egg-info
running install_scripts
writing list of installed files to '/home/aymon/frontier_exploration_ws/build/frontier_exploration/install.log'
