[3.226s] Invoking command in '/home/aymon/frontier_exploration_ws/frontier_exploration': DEBUGINFOD_URLS=https://debuginfod.ubuntu.com PYTHONPATH=/home/aymon/frontier_exploration_ws/build/frontier_exploration/prefix_override:/usr/lib/python3/dist-packages/colcon_core/task/python/colcon_distutils_commands:/home/aymon/frontier_exploration_ws/install/frontier_exploration/lib/python3.12/site-packages:${PYTHONPATH} /usr/bin/python3 -W ignore:setup.py install is deprecated -W ignore:easy_install command is deprecated setup.py egg_info --egg-base ../build/frontier_exploration build --build-base /home/aymon/frontier_exploration_ws/build/frontier_exploration/build install --record /home/aymon/frontier_exploration_ws/build/frontier_exploration/install.log --single-version-externally-managed install_data
[4.046s] running egg_info
[4.047s] creating ../build/frontier_exploration/frontier_exploration.egg-info
[4.111s] writing ../build/frontier_exploration/frontier_exploration.egg-info/PKG-INFO
[4.112s] writing dependency_links to ../build/frontier_exploration/frontier_exploration.egg-info/dependency_links.txt
[4.112s] writing requirements to ../build/frontier_exploration/frontier_exploration.egg-info/requires.txt
[4.113s] writing top-level names to ../build/frontier_exploration/frontier_exploration.egg-info/top_level.txt
[4.113s] writing manifest file '../build/frontier_exploration/frontier_exploration.egg-info/SOURCES.txt'
[4.246s] reading manifest file '../build/frontier_exploration/frontier_exploration.egg-info/SOURCES.txt'
[4.248s] writing manifest file '../build/frontier_exploration/frontier_exploration.egg-info/SOURCES.txt'
[4.248s] running build
[4.248s] running build_py
[4.249s] creating /home/aymon/frontier_exploration_ws/build/frontier_exploration/build
[4.249s] creating /home/aymon/frontier_exploration_ws/build/frontier_exploration/build/lib
[4.250s] creating /home/aymon/frontier_exploration_ws/build/frontier_exploration/build/lib/frontier_exploration
[4.250s] copying frontier_exploration/map_utils.py -> /home/aymon/frontier_exploration_ws/build/frontier_exploration/build/lib/frontier_exploration
[4.251s] copying frontier_exploration/exploration.py -> /home/aymon/frontier_exploration_ws/build/frontier_exploration/build/lib/frontier_exploration
[4.251s] copying frontier_exploration/__init__.py -> /home/aymon/frontier_exploration_ws/build/frontier_exploration/build/lib/frontier_exploration
[4.251s] running install
[4.270s] running install_lib
[4.343s] creating /home/aymon/frontier_exploration_ws/install/frontier_exploration/lib/python3.12/site-packages/frontier_exploration
[4.343s] copying /home/aymon/frontier_exploration_ws/build/frontier_exploration/build/lib/frontier_exploration/map_utils.py -> /home/aymon/frontier_exploration_ws/install/frontier_exploration/lib/python3.12/site-packages/frontier_exploration
[4.345s] copying /home/aymon/frontier_exploration_ws/build/frontier_exploration/build/lib/frontier_exploration/exploration.py -> /home/aymon/frontier_exploration_ws/install/frontier_exploration/lib/python3.12/site-packages/frontier_exploration
[4.345s] copying /home/aymon/frontier_exploration_ws/build/frontier_exploration/build/lib/frontier_exploration/__init__.py -> /home/aymon/frontier_exploration_ws/install/frontier_exploration/lib/python3.12/site-packages/frontier_exploration
[4.347s] byte-compiling /home/aymon/frontier_exploration_ws/install/frontier_exploration/lib/python3.12/site-packages/frontier_exploration/map_utils.py to map_utils.cpython-312.pyc
[4.352s] byte-compiling /home/aymon/frontier_exploration_ws/install/frontier_exploration/lib/python3.12/site-packages/frontier_exploration/exploration.py to exploration.cpython-312.pyc
[4.361s] byte-compiling /home/aymon/frontier_exploration_ws/install/frontier_exploration/lib/python3.12/site-packages/frontier_exploration/__init__.py to __init__.cpython-312.pyc
[4.362s] running install_data
[4.362s] copying resource/frontier_exploration -> /home/aymon/frontier_exploration_ws/install/frontier_exploration/share/ament_index/resource_index/packages
[4.362s] copying package.xml -> /home/aymon/frontier_exploration_ws/install/frontier_exploration/share/frontier_exploration
[4.363s] running install_egg_info
[4.435s] Copying ../build/frontier_exploration/frontier_exploration.egg-info to /home/aymon/frontier_exploration_ws/install/frontier_exploration/lib/python3.12/site-packages/frontier_exploration-0.0.0-py3.12.egg-info
[4.437s] running install_scripts
[4.903s] writing list of installed files to '/home/aymon/frontier_exploration_ws/build/frontier_exploration/install.log'
[5.014s] Invoked command in '/home/aymon/frontier_exploration_ws/frontier_exploration' returned '0': DEBUGINFOD_URLS=https://debuginfod.ubuntu.com PYTHONPATH=/home/aymon/frontier_exploration_ws/build/frontier_exploration/prefix_override:/usr/lib/python3/dist-packages/colcon_core/task/python/colcon_distutils_commands:/home/aymon/frontier_exploration_ws/install/frontier_exploration/lib/python3.12/site-packages:${PYTHONPATH} /usr/bin/python3 -W ignore:setup.py install is deprecated -W ignore:easy_install command is deprecated setup.py egg_info --egg-base ../build/frontier_exploration build --build-base /home/aymon/frontier_exploration_ws/build/frontier_exploration/build install --record /home/aymon/frontier_exploration_ws/build/frontier_exploration/install.log --single-version-externally-managed install_data
