[1.690s] Invoking command in '/home/aymon/frontier_exploration_ws/frontier_exploration': DEBUGINFOD_URLS=https://debuginfod.ubuntu.com PYTHONPATH=/home/aymon/frontier_exploration_ws/build/frontier_exploration/prefix_override:/usr/lib/python3/dist-packages/colcon_core/task/python/colcon_distutils_commands:/home/aymon/frontier_exploration_ws/install/frontier_exploration/lib/python3.12/site-packages:${PYTHONPATH} /usr/bin/python3 -W ignore:setup.py install is deprecated -W ignore:easy_install command is deprecated setup.py egg_info --egg-base ../build/frontier_exploration build --build-base /home/aymon/frontier_exploration_ws/build/frontier_exploration/build install --record /home/aymon/frontier_exploration_ws/build/frontier_exploration/install.log --single-version-externally-managed install_data
[2.209s] running egg_info
[2.248s] writing ../build/frontier_exploration/frontier_exploration.egg-info/PKG-INFO
[2.248s] writing dependency_links to ../build/frontier_exploration/frontier_exploration.egg-info/dependency_links.txt
[2.248s] writing entry points to ../build/frontier_exploration/frontier_exploration.egg-info/entry_points.txt
[2.249s] writing requirements to ../build/frontier_exploration/frontier_exploration.egg-info/requires.txt
[2.249s] writing top-level names to ../build/frontier_exploration/frontier_exploration.egg-info/top_level.txt
[2.328s] reading manifest file '../build/frontier_exploration/frontier_exploration.egg-info/SOURCES.txt'
[2.329s] writing manifest file '../build/frontier_exploration/frontier_exploration.egg-info/SOURCES.txt'
[2.329s] running build
[2.329s] running build_py
[2.329s] copying frontier_exploration/map_utils.py -> /home/aymon/frontier_exploration_ws/build/frontier_exploration/build/lib/frontier_exploration
[2.330s] running install
[2.341s] running install_lib
[2.383s] copying /home/aymon/frontier_exploration_ws/build/frontier_exploration/build/lib/frontier_exploration/map_utils.py -> /home/aymon/frontier_exploration_ws/install/frontier_exploration/lib/python3.12/site-packages/frontier_exploration
[2.385s] byte-compiling /home/aymon/frontier_exploration_ws/install/frontier_exploration/lib/python3.12/site-packages/frontier_exploration/map_utils.py to map_utils.cpython-312.pyc
[2.389s] running install_data
[2.389s] running install_egg_info
[2.431s] removing '/home/aymon/frontier_exploration_ws/install/frontier_exploration/lib/python3.12/site-packages/frontier_exploration-0.0.0-py3.12.egg-info' (and everything under it)
[2.432s] Copying ../build/frontier_exploration/frontier_exploration.egg-info to /home/aymon/frontier_exploration_ws/install/frontier_exploration/lib/python3.12/site-packages/frontier_exploration-0.0.0-py3.12.egg-info
[2.434s] running install_scripts
[2.696s] Installing exploration script to /home/aymon/frontier_exploration_ws/install/frontier_exploration/lib/frontier_exploration
[2.697s] Installing map_utils script to /home/aymon/frontier_exploration_ws/install/frontier_exploration/lib/frontier_exploration
[2.697s] Installing metric_subscriber script to /home/aymon/frontier_exploration_ws/install/frontier_exploration/lib/frontier_exploration
[2.697s] Installing training_data_collector script to /home/aymon/frontier_exploration_ws/install/frontier_exploration/lib/frontier_exploration
[2.698s] Installing tree_node script to /home/aymon/frontier_exploration_ws/install/frontier_exploration/lib/frontier_exploration
[2.698s] writing list of installed files to '/home/aymon/frontier_exploration_ws/build/frontier_exploration/install.log'
[2.796s] Invoked command in '/home/aymon/frontier_exploration_ws/frontier_exploration' returned '0': DEBUGINFOD_URLS=https://debuginfod.ubuntu.com PYTHONPATH=/home/aymon/frontier_exploration_ws/build/frontier_exploration/prefix_override:/usr/lib/python3/dist-packages/colcon_core/task/python/colcon_distutils_commands:/home/aymon/frontier_exploration_ws/install/frontier_exploration/lib/python3.12/site-packages:${PYTHONPATH} /usr/bin/python3 -W ignore:setup.py install is deprecated -W ignore:easy_install command is deprecated setup.py egg_info --egg-base ../build/frontier_exploration build --build-base /home/aymon/frontier_exploration_ws/build/frontier_exploration/build install --record /home/aymon/frontier_exploration_ws/build/frontier_exploration/install.log --single-version-externally-managed install_data
