/home/aymon/frontier_exploration_ws/install/frontier_exploration/lib/python3.12/site-packages/frontier_exploration/wavefront_frontier_exploration.py
/home/aymon/frontier_exploration_ws/install/frontier_exploration/lib/python3.12/site-packages/frontier_exploration/map_utils.py
/home/aymon/frontier_exploration_ws/install/frontier_exploration/lib/python3.12/site-packages/frontier_exploration/tree_node.py
/home/aymon/frontier_exploration_ws/install/frontier_exploration/lib/python3.12/site-packages/frontier_exploration/exploration.py
/home/aymon/frontier_exploration_ws/install/frontier_exploration/lib/python3.12/site-packages/frontier_exploration/training_data_collector.py
/home/aymon/frontier_exploration_ws/install/frontier_exploration/lib/python3.12/site-packages/frontier_exploration/__init__.py
/home/aymon/frontier_exploration_ws/install/frontier_exploration/lib/python3.12/site-packages/frontier_exploration/metric_subscriber.py
/home/aymon/frontier_exploration_ws/install/frontier_exploration/lib/python3.12/site-packages/frontier_exploration/__pycache__/wavefront_frontier_exploration.cpython-312.pyc
/home/aymon/frontier_exploration_ws/install/frontier_exploration/lib/python3.12/site-packages/frontier_exploration/__pycache__/map_utils.cpython-312.pyc
/home/aymon/frontier_exploration_ws/install/frontier_exploration/lib/python3.12/site-packages/frontier_exploration/__pycache__/tree_node.cpython-312.pyc
/home/aymon/frontier_exploration_ws/install/frontier_exploration/lib/python3.12/site-packages/frontier_exploration/__pycache__/exploration.cpython-312.pyc
/home/aymon/frontier_exploration_ws/install/frontier_exploration/lib/python3.12/site-packages/frontier_exploration/__pycache__/training_data_collector.cpython-312.pyc
/home/aymon/frontier_exploration_ws/install/frontier_exploration/lib/python3.12/site-packages/frontier_exploration/__pycache__/__init__.cpython-312.pyc
/home/aymon/frontier_exploration_ws/install/frontier_exploration/lib/python3.12/site-packages/frontier_exploration/__pycache__/metric_subscriber.cpython-312.pyc
/home/aymon/frontier_exploration_ws/install/frontier_exploration/share/ament_index/resource_index/packages/frontier_exploration
/home/aymon/frontier_exploration_ws/install/frontier_exploration/share/frontier_exploration/package.xml
/home/aymon/frontier_exploration_ws/install/frontier_exploration/lib/python3.12/site-packages/frontier_exploration-0.0.0-py3.12.egg-info/PKG-INFO
/home/aymon/frontier_exploration_ws/install/frontier_exploration/lib/python3.12/site-packages/frontier_exploration-0.0.0-py3.12.egg-info/dependency_links.txt
/home/aymon/frontier_exploration_ws/install/frontier_exploration/lib/python3.12/site-packages/frontier_exploration-0.0.0-py3.12.egg-info/SOURCES.txt
/home/aymon/frontier_exploration_ws/install/frontier_exploration/lib/python3.12/site-packages/frontier_exploration-0.0.0-py3.12.egg-info/requires.txt
/home/aymon/frontier_exploration_ws/install/frontier_exploration/lib/python3.12/site-packages/frontier_exploration-0.0.0-py3.12.egg-info/entry_points.txt
/home/aymon/frontier_exploration_ws/install/frontier_exploration/lib/python3.12/site-packages/frontier_exploration-0.0.0-py3.12.egg-info/zip-safe
/home/aymon/frontier_exploration_ws/install/frontier_exploration/lib/python3.12/site-packages/frontier_exploration-0.0.0-py3.12.egg-info/top_level.txt
/home/aymon/frontier_exploration_ws/install/frontier_exploration/lib/frontier_exploration/exploration
/home/aymon/frontier_exploration_ws/install/frontier_exploration/lib/frontier_exploration/map_utils
/home/aymon/frontier_exploration_ws/install/frontier_exploration/lib/frontier_exploration/metric_subscriber
/home/aymon/frontier_exploration_ws/install/frontier_exploration/lib/frontier_exploration/training_data_collector
/home/aymon/frontier_exploration_ws/install/frontier_exploration/lib/frontier_exploration/tree_node
/home/aymon/frontier_exploration_ws/install/frontier_exploration/lib/frontier_exploration/wavefront_frontier_exploration
