[0.682s] Invoking command in '/home/aymon/frontier_exploration_ws/frontier_exploration': DEBUGINFOD_URLS=https://debuginfod.ubuntu.com PYTHONPATH=/home/aymon/frontier_exploration_ws/build/frontier_exploration/prefix_override:/usr/lib/python3/dist-packages/colcon_core/task/python/colcon_distutils_commands:/home/aymon/frontier_exploration_ws/install/frontier_exploration/lib/python3.12/site-packages:${PYTHONPATH} /usr/bin/python3 -W ignore:setup.py install is deprecated -W ignore:easy_install command is deprecated setup.py egg_info --egg-base ../build/frontier_exploration build --build-base /home/aymon/frontier_exploration_ws/build/frontier_exploration/build install --record /home/aymon/frontier_exploration_ws/build/frontier_exploration/install.log --single-version-externally-managed install_data
[0.905s] running egg_info
[0.924s] writing ../build/frontier_exploration/frontier_exploration.egg-info/PKG-INFO
[0.924s] writing dependency_links to ../build/frontier_exploration/frontier_exploration.egg-info/dependency_links.txt
[0.924s] writing entry points to ../build/frontier_exploration/frontier_exploration.egg-info/entry_points.txt
[0.924s] writing requirements to ../build/frontier_exploration/frontier_exploration.egg-info/requires.txt
[0.924s] writing top-level names to ../build/frontier_exploration/frontier_exploration.egg-info/top_level.txt
[0.960s] reading manifest file '../build/frontier_exploration/frontier_exploration.egg-info/SOURCES.txt'
[0.960s] writing manifest file '../build/frontier_exploration/frontier_exploration.egg-info/SOURCES.txt'
[0.960s] running build
[0.960s] running build_py
[0.961s] copying frontier_exploration/map_utils.py -> /home/aymon/frontier_exploration_ws/build/frontier_exploration/build/lib/frontier_exploration
[0.961s] copying frontier_exploration/exploration.py -> /home/aymon/frontier_exploration_ws/build/frontier_exploration/build/lib/frontier_exploration
[0.961s] running install
[0.965s] running install_lib
[0.983s] copying /home/aymon/frontier_exploration_ws/build/frontier_exploration/build/lib/frontier_exploration/map_utils.py -> /home/aymon/frontier_exploration_ws/install/frontier_exploration/lib/python3.12/site-packages/frontier_exploration
[0.983s] copying /home/aymon/frontier_exploration_ws/build/frontier_exploration/build/lib/frontier_exploration/exploration.py -> /home/aymon/frontier_exploration_ws/install/frontier_exploration/lib/python3.12/site-packages/frontier_exploration
[0.984s] byte-compiling /home/aymon/frontier_exploration_ws/install/frontier_exploration/lib/python3.12/site-packages/frontier_exploration/map_utils.py to map_utils.cpython-312.pyc
[0.985s] byte-compiling /home/aymon/frontier_exploration_ws/install/frontier_exploration/lib/python3.12/site-packages/frontier_exploration/exploration.py to exploration.cpython-312.pyc
[0.988s] running install_data
[0.988s] running install_egg_info
[1.006s] removing '/home/aymon/frontier_exploration_ws/install/frontier_exploration/lib/python3.12/site-packages/frontier_exploration-0.0.0-py3.12.egg-info' (and everything under it)
[1.007s] Copying ../build/frontier_exploration/frontier_exploration.egg-info to /home/aymon/frontier_exploration_ws/install/frontier_exploration/lib/python3.12/site-packages/frontier_exploration-0.0.0-py3.12.egg-info
[1.007s] running install_scripts
[1.125s] Installing map_utils script to /home/aymon/frontier_exploration_ws/install/frontier_exploration/lib/frontier_exploration
[1.126s] writing list of installed files to '/home/aymon/frontier_exploration_ws/build/frontier_exploration/install.log'
[1.148s] Invoked command in '/home/aymon/frontier_exploration_ws/frontier_exploration' returned '0': DEBUGINFOD_URLS=https://debuginfod.ubuntu.com PYTHONPATH=/home/aymon/frontier_exploration_ws/build/frontier_exploration/prefix_override:/usr/lib/python3/dist-packages/colcon_core/task/python/colcon_distutils_commands:/home/aymon/frontier_exploration_ws/install/frontier_exploration/lib/python3.12/site-packages:${PYTHONPATH} /usr/bin/python3 -W ignore:setup.py install is deprecated -W ignore:easy_install command is deprecated setup.py egg_info --egg-base ../build/frontier_exploration build --build-base /home/aymon/frontier_exploration_ws/build/frontier_exploration/build install --record /home/aymon/frontier_exploration_ws/build/frontier_exploration/install.log --single-version-externally-managed install_data
