[0.767s] Invoking command in '/home/aymon/frontier_exploration_ws/frontier_exploration': DEBUGINFOD_URLS=https://debuginfod.ubuntu.com PYTHONPATH=/home/aymon/frontier_exploration_ws/build/frontier_exploration/prefix_override:/usr/lib/python3/dist-packages/colcon_core/task/python/colcon_distutils_commands:/home/aymon/frontier_exploration_ws/install/frontier_exploration/lib/python3.12/site-packages:${PYTHONPATH} /usr/bin/python3 -W ignore:setup.py install is deprecated -W ignore:easy_install command is deprecated setup.py egg_info --egg-base ../build/frontier_exploration build --build-base /home/aymon/frontier_exploration_ws/build/frontier_exploration/build install --record /home/aymon/frontier_exploration_ws/build/frontier_exploration/install.log --single-version-externally-managed install_data
[0.998s] running egg_info
[1.016s] writing ../build/frontier_exploration/frontier_exploration.egg-info/PKG-INFO
[1.016s] writing dependency_links to ../build/frontier_exploration/frontier_exploration.egg-info/dependency_links.txt
[1.017s] writing entry points to ../build/frontier_exploration/frontier_exploration.egg-info/entry_points.txt
[1.017s] writing requirements to ../build/frontier_exploration/frontier_exploration.egg-info/requires.txt
[1.017s] writing top-level names to ../build/frontier_exploration/frontier_exploration.egg-info/top_level.txt
[1.054s] reading manifest file '../build/frontier_exploration/frontier_exploration.egg-info/SOURCES.txt'
[1.055s] writing manifest file '../build/frontier_exploration/frontier_exploration.egg-info/SOURCES.txt'
[1.056s] running build
[1.056s] running build_py
[1.056s] copying frontier_exploration/map_utils.py -> /home/aymon/frontier_exploration_ws/build/frontier_exploration/build/lib/frontier_exploration
[1.056s] copying frontier_exploration/map_utils copy.py -> /home/aymon/frontier_exploration_ws/build/frontier_exploration/build/lib/frontier_exploration
[1.057s] copying frontier_exploration/quad_tree.py -> /home/aymon/frontier_exploration_ws/build/frontier_exploration/build/lib/frontier_exploration
[1.057s] copying frontier_exploration/__init__.py -> /home/aymon/frontier_exploration_ws/build/frontier_exploration/build/lib/frontier_exploration
[1.057s] copying frontier_exploration/map_utils copy 2.py -> /home/aymon/frontier_exploration_ws/build/frontier_exploration/build/lib/frontier_exploration
[1.057s] running install
[1.063s] running install_lib
[1.081s] copying /home/aymon/frontier_exploration_ws/build/frontier_exploration/build/lib/frontier_exploration/map_utils.py -> /home/aymon/frontier_exploration_ws/install/frontier_exploration/lib/python3.12/site-packages/frontier_exploration
[1.082s] copying /home/aymon/frontier_exploration_ws/build/frontier_exploration/build/lib/frontier_exploration/map_utils copy.py -> /home/aymon/frontier_exploration_ws/install/frontier_exploration/lib/python3.12/site-packages/frontier_exploration
[1.082s] copying /home/aymon/frontier_exploration_ws/build/frontier_exploration/build/lib/frontier_exploration/quad_tree.py -> /home/aymon/frontier_exploration_ws/install/frontier_exploration/lib/python3.12/site-packages/frontier_exploration
[1.082s] copying /home/aymon/frontier_exploration_ws/build/frontier_exploration/build/lib/frontier_exploration/__init__.py -> /home/aymon/frontier_exploration_ws/install/frontier_exploration/lib/python3.12/site-packages/frontier_exploration
[1.082s] copying /home/aymon/frontier_exploration_ws/build/frontier_exploration/build/lib/frontier_exploration/map_utils copy 2.py -> /home/aymon/frontier_exploration_ws/install/frontier_exploration/lib/python3.12/site-packages/frontier_exploration
[1.083s] byte-compiling /home/aymon/frontier_exploration_ws/install/frontier_exploration/lib/python3.12/site-packages/frontier_exploration/map_utils.py to map_utils.cpython-312.pyc
[1.084s] byte-compiling /home/aymon/frontier_exploration_ws/install/frontier_exploration/lib/python3.12/site-packages/frontier_exploration/map_utils copy.py to map_utils copy.cpython-312.pyc
[1.086s] byte-compiling /home/aymon/frontier_exploration_ws/install/frontier_exploration/lib/python3.12/site-packages/frontier_exploration/quad_tree.py to quad_tree.cpython-312.pyc
[1.087s] byte-compiling /home/aymon/frontier_exploration_ws/install/frontier_exploration/lib/python3.12/site-packages/frontier_exploration/__init__.py to __init__.cpython-312.pyc
[1.087s] byte-compiling /home/aymon/frontier_exploration_ws/install/frontier_exploration/lib/python3.12/site-packages/frontier_exploration/map_utils copy 2.py to map_utils copy 2.cpython-312.pyc
[1.088s] running install_data
[1.088s] running install_egg_info
[1.108s] removing '/home/aymon/frontier_exploration_ws/install/frontier_exploration/lib/python3.12/site-packages/frontier_exploration-0.0.0-py3.12.egg-info' (and everything under it)
[1.108s] Copying ../build/frontier_exploration/frontier_exploration.egg-info to /home/aymon/frontier_exploration_ws/install/frontier_exploration/lib/python3.12/site-packages/frontier_exploration-0.0.0-py3.12.egg-info
[1.109s] running install_scripts
[1.230s] Installing exploration script to /home/aymon/frontier_exploration_ws/install/frontier_exploration/lib/frontier_exploration
[1.230s] Installing map_utils script to /home/aymon/frontier_exploration_ws/install/frontier_exploration/lib/frontier_exploration
[1.230s] Installing metric_subscriber script to /home/aymon/frontier_exploration_ws/install/frontier_exploration/lib/frontier_exploration
[1.230s] Installing quad_tree script to /home/aymon/frontier_exploration_ws/install/frontier_exploration/lib/frontier_exploration
[1.231s] Installing training_data_collector script to /home/aymon/frontier_exploration_ws/install/frontier_exploration/lib/frontier_exploration
[1.231s] writing list of installed files to '/home/aymon/frontier_exploration_ws/build/frontier_exploration/install.log'
[1.255s] Invoked command in '/home/aymon/frontier_exploration_ws/frontier_exploration' returned '0': DEBUGINFOD_URLS=https://debuginfod.ubuntu.com PYTHONPATH=/home/aymon/frontier_exploration_ws/build/frontier_exploration/prefix_override:/usr/lib/python3/dist-packages/colcon_core/task/python/colcon_distutils_commands:/home/aymon/frontier_exploration_ws/install/frontier_exploration/lib/python3.12/site-packages:${PYTHONPATH} /usr/bin/python3 -W ignore:setup.py install is deprecated -W ignore:easy_install command is deprecated setup.py egg_info --egg-base ../build/frontier_exploration build --build-base /home/aymon/frontier_exploration_ws/build/frontier_exploration/build install --record /home/aymon/frontier_exploration_ws/build/frontier_exploration/install.log --single-version-externally-managed install_data
