[2.618s] Invoking command in '/home/aymon/frontier_exploration_ws/frontier_exploration': DEBUGINFOD_URLS=https://debuginfod.ubuntu.com PYTHONPATH=/home/aymon/frontier_exploration_ws/build/frontier_exploration/prefix_override:/usr/lib/python3/dist-packages/colcon_core/task/python/colcon_distutils_commands:/home/aymon/frontier_exploration_ws/install/frontier_exploration/lib/python3.12/site-packages:${PYTHONPATH} /usr/bin/python3 -W ignore:setup.py install is deprecated -W ignore:easy_install command is deprecated setup.py egg_info --egg-base ../build/frontier_exploration build --build-base /home/aymon/frontier_exploration_ws/build/frontier_exploration/build install --record /home/aymon/frontier_exploration_ws/build/frontier_exploration/install.log --single-version-externally-managed install_data
[3.384s] running egg_info
[3.445s] writing ../build/frontier_exploration/frontier_exploration.egg-info/PKG-INFO
[3.446s] writing dependency_links to ../build/frontier_exploration/frontier_exploration.egg-info/dependency_links.txt
[3.447s] writing entry points to ../build/frontier_exploration/frontier_exploration.egg-info/entry_points.txt
[3.448s] writing requirements to ../build/frontier_exploration/frontier_exploration.egg-info/requires.txt
[3.448s] writing top-level names to ../build/frontier_exploration/frontier_exploration.egg-info/top_level.txt
[3.581s] reading manifest file '../build/frontier_exploration/frontier_exploration.egg-info/SOURCES.txt'
[3.583s] writing manifest file '../build/frontier_exploration/frontier_exploration.egg-info/SOURCES.txt'
[3.584s] running build
[3.584s] running build_py
[3.586s] copying frontier_exploration/exploration.py -> /home/aymon/frontier_exploration_ws/build/frontier_exploration/build/lib/frontier_exploration
[3.586s] running install
[3.603s] running install_lib
[3.674s] copying /home/aymon/frontier_exploration_ws/build/frontier_exploration/build/lib/frontier_exploration/exploration.py -> /home/aymon/frontier_exploration_ws/install/frontier_exploration/lib/python3.12/site-packages/frontier_exploration
[3.676s] byte-compiling /home/aymon/frontier_exploration_ws/install/frontier_exploration/lib/python3.12/site-packages/frontier_exploration/exploration.py to exploration.cpython-312.pyc
[3.683s] running install_data
[3.683s] running install_egg_info
[3.757s] removing '/home/aymon/frontier_exploration_ws/install/frontier_exploration/lib/python3.12/site-packages/frontier_exploration-0.0.0-py3.12.egg-info' (and everything under it)
[3.758s] Copying ../build/frontier_exploration/frontier_exploration.egg-info to /home/aymon/frontier_exploration_ws/install/frontier_exploration/lib/python3.12/site-packages/frontier_exploration-0.0.0-py3.12.egg-info
[3.761s] running install_scripts
[4.208s] Installing exploration script to /home/aymon/frontier_exploration_ws/install/frontier_exploration/lib/frontier_exploration
[4.208s] Installing map_utils script to /home/aymon/frontier_exploration_ws/install/frontier_exploration/lib/frontier_exploration
[4.209s] writing list of installed files to '/home/aymon/frontier_exploration_ws/build/frontier_exploration/install.log'
[4.338s] Invoked command in '/home/aymon/frontier_exploration_ws/frontier_exploration' returned '0': DEBUGINFOD_URLS=https://debuginfod.ubuntu.com PYTHONPATH=/home/aymon/frontier_exploration_ws/build/frontier_exploration/prefix_override:/usr/lib/python3/dist-packages/colcon_core/task/python/colcon_distutils_commands:/home/aymon/frontier_exploration_ws/install/frontier_exploration/lib/python3.12/site-packages:${PYTHONPATH} /usr/bin/python3 -W ignore:setup.py install is deprecated -W ignore:easy_install command is deprecated setup.py egg_info --egg-base ../build/frontier_exploration build --build-base /home/aymon/frontier_exploration_ws/build/frontier_exploration/build install --record /home/aymon/frontier_exploration_ws/build/frontier_exploration/install.log --single-version-externally-managed install_data
