[0.167s] DEBUG:colcon:Command line arguments: ['/usr/bin/colcon', 'build']
[0.167s] DEBUG:colcon:Parsed command line arguments: Namespace(log_base=None, log_level=None, verb_name='build', build_base='build', install_base='install', merge_install=False, symlink_install=False, test_result_base=None, continue_on_error=False, executor='parallel', parallel_workers=16, event_handlers=None, ignore_user_meta=False, metas=['./colcon.meta'], base_paths=['.'], packages_ignore=None, packages_ignore_regex=None, paths=None, packages_up_to=None, packages_up_to_regex=None, packages_above=None, packages_above_and_dependencies=None, packages_above_depth=None, packages_select_by_dep=None, packages_skip_by_dep=None, packages_skip_up_to=None, packages_select_build_failed=False, packages_skip_build_finished=False, packages_select_test_failures=False, packages_skip_test_passed=False, packages_select=None, packages_skip=None, packages_select_regex=None, packages_skip_regex=None, packages_start=None, packages_end=None, allow_overriding=[], cmake_args=None, cmake_target=None, cmake_target_skip_unavailable=False, cmake_clean_cache=False, cmake_clean_first=False, cmake_force_configure=False, ament_cmake_args=None, catkin_cmake_args=None, catkin_skip_building_tests=False, mixin_files=None, mixin=None, verb_parser=<colcon_mixin.mixin.mixin_argument.MixinArgumentDecorator object at 0x7b90e03ad970>, verb_extension=<colcon_core.verb.build.BuildVerb object at 0x7b90e04cd730>, main=<bound method BuildVerb.main of <colcon_core.verb.build.BuildVerb object at 0x7b90e04cd730>>, mixin_verb=('build',))
[0.220s] Level 1:colcon.colcon_core.package_discovery:discover_packages(colcon_meta) check parameters
[0.220s] Level 1:colcon.colcon_core.package_discovery:discover_packages(recursive) check parameters
[0.220s] Level 1:colcon.colcon_core.package_discovery:discover_packages(ignore) check parameters
[0.220s] Level 1:colcon.colcon_core.package_discovery:discover_packages(path) check parameters
[0.221s] Level 1:colcon.colcon_core.package_discovery:discover_packages(colcon_meta) discover
[0.221s] Level 1:colcon.colcon_core.package_discovery:discover_packages(recursive) discover
[0.221s] INFO:colcon.colcon_core.package_discovery:Crawling recursively for packages in '/home/aymon/frontier_exploration_ws'
[0.221s] Level 1:colcon.colcon_core.package_identification:_identify(.) by extensions ['ignore', 'ignore_ament_install']
[0.221s] Level 1:colcon.colcon_core.package_identification:_identify(.) by extension 'ignore'
[0.221s] Level 1:colcon.colcon_core.package_identification:_identify(.) by extension 'ignore_ament_install'
[0.221s] Level 1:colcon.colcon_core.package_identification:_identify(.) by extensions ['colcon_pkg']
[0.221s] Level 1:colcon.colcon_core.package_identification:_identify(.) by extension 'colcon_pkg'
[0.221s] Level 1:colcon.colcon_core.package_identification:_identify(.) by extensions ['colcon_meta']
[0.221s] Level 1:colcon.colcon_core.package_identification:_identify(.) by extension 'colcon_meta'
[0.221s] Level 1:colcon.colcon_core.package_identification:_identify(.) by extensions ['ros']
[0.222s] Level 1:colcon.colcon_core.package_identification:_identify(.) by extension 'ros'
[0.253s] Level 1:colcon.colcon_core.package_identification:_identify(.) by extensions ['cmake', 'python']
[0.253s] Level 1:colcon.colcon_core.package_identification:_identify(.) by extension 'cmake'
[0.253s] Level 1:colcon.colcon_core.package_identification:_identify(.) by extension 'python'
[0.253s] Level 1:colcon.colcon_core.package_identification:_identify(.) by extensions ['python_setup_py']
[0.253s] Level 1:colcon.colcon_core.package_identification:_identify(.) by extension 'python_setup_py'
[0.253s] Level 1:colcon.colcon_core.package_identification:_identify(build) by extensions ['ignore', 'ignore_ament_install']
[0.253s] Level 1:colcon.colcon_core.package_identification:_identify(build) by extension 'ignore'
[0.253s] Level 1:colcon.colcon_core.package_identification:_identify(build) ignored
[0.253s] Level 1:colcon.colcon_core.package_identification:_identify(frontier_exploration) by extensions ['ignore', 'ignore_ament_install']
[0.254s] Level 1:colcon.colcon_core.package_identification:_identify(frontier_exploration) by extension 'ignore'
[0.254s] Level 1:colcon.colcon_core.package_identification:_identify(frontier_exploration) by extension 'ignore_ament_install'
[0.254s] Level 1:colcon.colcon_core.package_identification:_identify(frontier_exploration) by extensions ['colcon_pkg']
[0.254s] Level 1:colcon.colcon_core.package_identification:_identify(frontier_exploration) by extension 'colcon_pkg'
[0.254s] Level 1:colcon.colcon_core.package_identification:_identify(frontier_exploration) by extensions ['colcon_meta']
[0.254s] Level 1:colcon.colcon_core.package_identification:_identify(frontier_exploration) by extension 'colcon_meta'
[0.254s] Level 1:colcon.colcon_core.package_identification:_identify(frontier_exploration) by extensions ['ros']
[0.254s] Level 1:colcon.colcon_core.package_identification:_identify(frontier_exploration) by extension 'ros'
[0.258s] DEBUG:colcon.colcon_core.package_identification:Package 'frontier_exploration' with type 'ros.ament_python' and name 'frontier_exploration'
[0.259s] Level 1:colcon.colcon_core.package_identification:_identify(install) by extensions ['ignore', 'ignore_ament_install']
[0.259s] Level 1:colcon.colcon_core.package_identification:_identify(install) by extension 'ignore'
[0.259s] Level 1:colcon.colcon_core.package_identification:_identify(install) ignored
[0.259s] Level 1:colcon.colcon_core.package_identification:_identify(log) by extensions ['ignore', 'ignore_ament_install']
[0.259s] Level 1:colcon.colcon_core.package_identification:_identify(log) by extension 'ignore'
[0.260s] Level 1:colcon.colcon_core.package_identification:_identify(log) ignored
[0.260s] Level 1:colcon.colcon_core.package_identification:_identify(training_data) by extensions ['ignore', 'ignore_ament_install']
[0.260s] Level 1:colcon.colcon_core.package_identification:_identify(training_data) by extension 'ignore'
[0.260s] Level 1:colcon.colcon_core.package_identification:_identify(training_data) by extension 'ignore_ament_install'
[0.260s] Level 1:colcon.colcon_core.package_identification:_identify(training_data) by extensions ['colcon_pkg']
[0.260s] Level 1:colcon.colcon_core.package_identification:_identify(training_data) by extension 'colcon_pkg'
[0.260s] Level 1:colcon.colcon_core.package_identification:_identify(training_data) by extensions ['colcon_meta']
[0.260s] Level 1:colcon.colcon_core.package_identification:_identify(training_data) by extension 'colcon_meta'
[0.260s] Level 1:colcon.colcon_core.package_identification:_identify(training_data) by extensions ['ros']
[0.260s] Level 1:colcon.colcon_core.package_identification:_identify(training_data) by extension 'ros'
[0.260s] Level 1:colcon.colcon_core.package_identification:_identify(training_data) by extensions ['cmake', 'python']
[0.260s] Level 1:colcon.colcon_core.package_identification:_identify(training_data) by extension 'cmake'
[0.260s] Level 1:colcon.colcon_core.package_identification:_identify(training_data) by extension 'python'
[0.260s] Level 1:colcon.colcon_core.package_identification:_identify(training_data) by extensions ['python_setup_py']
[0.260s] Level 1:colcon.colcon_core.package_identification:_identify(training_data) by extension 'python_setup_py'
[0.260s] Level 1:colcon.colcon_core.package_identification:_identify(training_data/16_01_2025_12_44_18) by extensions ['ignore', 'ignore_ament_install']
[0.261s] Level 1:colcon.colcon_core.package_identification:_identify(training_data/16_01_2025_12_44_18) by extension 'ignore'
[0.261s] Level 1:colcon.colcon_core.package_identification:_identify(training_data/16_01_2025_12_44_18) by extension 'ignore_ament_install'
[0.261s] Level 1:colcon.colcon_core.package_identification:_identify(training_data/16_01_2025_12_44_18) by extensions ['colcon_pkg']
[0.261s] Level 1:colcon.colcon_core.package_identification:_identify(training_data/16_01_2025_12_44_18) by extension 'colcon_pkg'
[0.261s] Level 1:colcon.colcon_core.package_identification:_identify(training_data/16_01_2025_12_44_18) by extensions ['colcon_meta']
[0.261s] Level 1:colcon.colcon_core.package_identification:_identify(training_data/16_01_2025_12_44_18) by extension 'colcon_meta'
[0.261s] Level 1:colcon.colcon_core.package_identification:_identify(training_data/16_01_2025_12_44_18) by extensions ['ros']
[0.261s] Level 1:colcon.colcon_core.package_identification:_identify(training_data/16_01_2025_12_44_18) by extension 'ros'
[0.261s] Level 1:colcon.colcon_core.package_identification:_identify(training_data/16_01_2025_12_44_18) by extensions ['cmake', 'python']
[0.261s] Level 1:colcon.colcon_core.package_identification:_identify(training_data/16_01_2025_12_44_18) by extension 'cmake'
[0.261s] Level 1:colcon.colcon_core.package_identification:_identify(training_data/16_01_2025_12_44_18) by extension 'python'
[0.261s] Level 1:colcon.colcon_core.package_identification:_identify(training_data/16_01_2025_12_44_18) by extensions ['python_setup_py']
[0.261s] Level 1:colcon.colcon_core.package_identification:_identify(training_data/16_01_2025_12_44_18) by extension 'python_setup_py'
[0.262s] Level 1:colcon.colcon_core.package_identification:_identify(training_data/17_01_2025_12_27_07) by extensions ['ignore', 'ignore_ament_install']
[0.262s] Level 1:colcon.colcon_core.package_identification:_identify(training_data/17_01_2025_12_27_07) by extension 'ignore'
[0.262s] Level 1:colcon.colcon_core.package_identification:_identify(training_data/17_01_2025_12_27_07) by extension 'ignore_ament_install'
[0.262s] Level 1:colcon.colcon_core.package_identification:_identify(training_data/17_01_2025_12_27_07) by extensions ['colcon_pkg']
[0.262s] Level 1:colcon.colcon_core.package_identification:_identify(training_data/17_01_2025_12_27_07) by extension 'colcon_pkg'
[0.262s] Level 1:colcon.colcon_core.package_identification:_identify(training_data/17_01_2025_12_27_07) by extensions ['colcon_meta']
[0.262s] Level 1:colcon.colcon_core.package_identification:_identify(training_data/17_01_2025_12_27_07) by extension 'colcon_meta'
[0.262s] Level 1:colcon.colcon_core.package_identification:_identify(training_data/17_01_2025_12_27_07) by extensions ['ros']
[0.262s] Level 1:colcon.colcon_core.package_identification:_identify(training_data/17_01_2025_12_27_07) by extension 'ros'
[0.262s] Level 1:colcon.colcon_core.package_identification:_identify(training_data/17_01_2025_12_27_07) by extensions ['cmake', 'python']
[0.262s] Level 1:colcon.colcon_core.package_identification:_identify(training_data/17_01_2025_12_27_07) by extension 'cmake'
[0.262s] Level 1:colcon.colcon_core.package_identification:_identify(training_data/17_01_2025_12_27_07) by extension 'python'
[0.262s] Level 1:colcon.colcon_core.package_identification:_identify(training_data/17_01_2025_12_27_07) by extensions ['python_setup_py']
[0.262s] Level 1:colcon.colcon_core.package_identification:_identify(training_data/17_01_2025_12_27_07) by extension 'python_setup_py'
[0.262s] Level 1:colcon.colcon_core.package_identification:_identify(training_data/17_01_2025_12_52_26) by extensions ['ignore', 'ignore_ament_install']
[0.262s] Level 1:colcon.colcon_core.package_identification:_identify(training_data/17_01_2025_12_52_26) by extension 'ignore'
[0.263s] Level 1:colcon.colcon_core.package_identification:_identify(training_data/17_01_2025_12_52_26) by extension 'ignore_ament_install'
[0.263s] Level 1:colcon.colcon_core.package_identification:_identify(training_data/17_01_2025_12_52_26) by extensions ['colcon_pkg']
[0.263s] Level 1:colcon.colcon_core.package_identification:_identify(training_data/17_01_2025_12_52_26) by extension 'colcon_pkg'
[0.263s] Level 1:colcon.colcon_core.package_identification:_identify(training_data/17_01_2025_12_52_26) by extensions ['colcon_meta']
[0.263s] Level 1:colcon.colcon_core.package_identification:_identify(training_data/17_01_2025_12_52_26) by extension 'colcon_meta'
[0.263s] Level 1:colcon.colcon_core.package_identification:_identify(training_data/17_01_2025_12_52_26) by extensions ['ros']
[0.263s] Level 1:colcon.colcon_core.package_identification:_identify(training_data/17_01_2025_12_52_26) by extension 'ros'
[0.263s] Level 1:colcon.colcon_core.package_identification:_identify(training_data/17_01_2025_12_52_26) by extensions ['cmake', 'python']
[0.263s] Level 1:colcon.colcon_core.package_identification:_identify(training_data/17_01_2025_12_52_26) by extension 'cmake'
[0.263s] Level 1:colcon.colcon_core.package_identification:_identify(training_data/17_01_2025_12_52_26) by extension 'python'
[0.263s] Level 1:colcon.colcon_core.package_identification:_identify(training_data/17_01_2025_12_52_26) by extensions ['python_setup_py']
[0.263s] Level 1:colcon.colcon_core.package_identification:_identify(training_data/17_01_2025_12_52_26) by extension 'python_setup_py'
[0.263s] Level 1:colcon.colcon_core.package_identification:_identify(training_data/17_01_2025_14_13_19) by extensions ['ignore', 'ignore_ament_install']
[0.263s] Level 1:colcon.colcon_core.package_identification:_identify(training_data/17_01_2025_14_13_19) by extension 'ignore'
[0.263s] Level 1:colcon.colcon_core.package_identification:_identify(training_data/17_01_2025_14_13_19) by extension 'ignore_ament_install'
[0.263s] Level 1:colcon.colcon_core.package_identification:_identify(training_data/17_01_2025_14_13_19) by extensions ['colcon_pkg']
[0.263s] Level 1:colcon.colcon_core.package_identification:_identify(training_data/17_01_2025_14_13_19) by extension 'colcon_pkg'
[0.263s] Level 1:colcon.colcon_core.package_identification:_identify(training_data/17_01_2025_14_13_19) by extensions ['colcon_meta']
[0.263s] Level 1:colcon.colcon_core.package_identification:_identify(training_data/17_01_2025_14_13_19) by extension 'colcon_meta'
[0.263s] Level 1:colcon.colcon_core.package_identification:_identify(training_data/17_01_2025_14_13_19) by extensions ['ros']
[0.263s] Level 1:colcon.colcon_core.package_identification:_identify(training_data/17_01_2025_14_13_19) by extension 'ros'
[0.263s] Level 1:colcon.colcon_core.package_identification:_identify(training_data/17_01_2025_14_13_19) by extensions ['cmake', 'python']
[0.263s] Level 1:colcon.colcon_core.package_identification:_identify(training_data/17_01_2025_14_13_19) by extension 'cmake'
[0.264s] Level 1:colcon.colcon_core.package_identification:_identify(training_data/17_01_2025_14_13_19) by extension 'python'
[0.264s] Level 1:colcon.colcon_core.package_identification:_identify(training_data/17_01_2025_14_13_19) by extensions ['python_setup_py']
[0.264s] Level 1:colcon.colcon_core.package_identification:_identify(training_data/17_01_2025_14_13_19) by extension 'python_setup_py'
[0.264s] Level 1:colcon.colcon_core.package_identification:_identify(training_data/21_01_2025_13_16_14) by extensions ['ignore', 'ignore_ament_install']
[0.264s] Level 1:colcon.colcon_core.package_identification:_identify(training_data/21_01_2025_13_16_14) by extension 'ignore'
[0.264s] Level 1:colcon.colcon_core.package_identification:_identify(training_data/21_01_2025_13_16_14) by extension 'ignore_ament_install'
[0.264s] Level 1:colcon.colcon_core.package_identification:_identify(training_data/21_01_2025_13_16_14) by extensions ['colcon_pkg']
[0.264s] Level 1:colcon.colcon_core.package_identification:_identify(training_data/21_01_2025_13_16_14) by extension 'colcon_pkg'
[0.264s] Level 1:colcon.colcon_core.package_identification:_identify(training_data/21_01_2025_13_16_14) by extensions ['colcon_meta']
[0.264s] Level 1:colcon.colcon_core.package_identification:_identify(training_data/21_01_2025_13_16_14) by extension 'colcon_meta'
[0.264s] Level 1:colcon.colcon_core.package_identification:_identify(training_data/21_01_2025_13_16_14) by extensions ['ros']
[0.264s] Level 1:colcon.colcon_core.package_identification:_identify(training_data/21_01_2025_13_16_14) by extension 'ros'
[0.264s] Level 1:colcon.colcon_core.package_identification:_identify(training_data/21_01_2025_13_16_14) by extensions ['cmake', 'python']
[0.264s] Level 1:colcon.colcon_core.package_identification:_identify(training_data/21_01_2025_13_16_14) by extension 'cmake'
[0.264s] Level 1:colcon.colcon_core.package_identification:_identify(training_data/21_01_2025_13_16_14) by extension 'python'
[0.265s] Level 1:colcon.colcon_core.package_identification:_identify(training_data/21_01_2025_13_16_14) by extensions ['python_setup_py']
[0.265s] Level 1:colcon.colcon_core.package_identification:_identify(training_data/21_01_2025_13_16_14) by extension 'python_setup_py'
[0.265s] Level 1:colcon.colcon_core.package_discovery:discover_packages(recursive) using defaults
[0.265s] Level 1:colcon.colcon_core.package_discovery:discover_packages(ignore) discover
[0.265s] Level 1:colcon.colcon_core.package_discovery:discover_packages(ignore) using defaults
[0.265s] Level 1:colcon.colcon_core.package_discovery:discover_packages(path) discover
[0.265s] Level 1:colcon.colcon_core.package_discovery:discover_packages(path) using defaults
[0.290s] Level 1:colcon.colcon_core.package_discovery:discover_packages(prefix_path) check parameters
[0.290s] Level 1:colcon.colcon_core.package_discovery:discover_packages(prefix_path) discover
[0.296s] DEBUG:colcon.colcon_installed_package_information.package_discovery:Found 2 installed packages in /home/aymon/frontier_exploration_ws/install
[0.297s] DEBUG:colcon.colcon_installed_package_information.package_discovery:Found 10 installed packages in /home/aymon/turtlebot4_ws/install
[0.299s] DEBUG:colcon.colcon_installed_package_information.package_discovery:Found 453 installed packages in /opt/ros/jazzy
[0.302s] Level 1:colcon.colcon_core.package_discovery:discover_packages(prefix_path) using defaults
[0.378s] Level 5:colcon.colcon_core.verb:set package 'frontier_exploration' build argument 'cmake_args' from command line to 'None'
[0.378s] Level 5:colcon.colcon_core.verb:set package 'frontier_exploration' build argument 'cmake_target' from command line to 'None'
[0.379s] Level 5:colcon.colcon_core.verb:set package 'frontier_exploration' build argument 'cmake_target_skip_unavailable' from command line to 'False'
[0.379s] Level 5:colcon.colcon_core.verb:set package 'frontier_exploration' build argument 'cmake_clean_cache' from command line to 'False'
[0.379s] Level 5:colcon.colcon_core.verb:set package 'frontier_exploration' build argument 'cmake_clean_first' from command line to 'False'
[0.379s] Level 5:colcon.colcon_core.verb:set package 'frontier_exploration' build argument 'cmake_force_configure' from command line to 'False'
[0.379s] Level 5:colcon.colcon_core.verb:set package 'frontier_exploration' build argument 'ament_cmake_args' from command line to 'None'
[0.379s] Level 5:colcon.colcon_core.verb:set package 'frontier_exploration' build argument 'catkin_cmake_args' from command line to 'None'
[0.379s] Level 5:colcon.colcon_core.verb:set package 'frontier_exploration' build argument 'catkin_skip_building_tests' from command line to 'False'
[0.379s] DEBUG:colcon.colcon_core.verb:Building package 'frontier_exploration' with the following arguments: {'ament_cmake_args': None, 'build_base': '/home/aymon/frontier_exploration_ws/build/frontier_exploration', 'catkin_cmake_args': None, 'catkin_skip_building_tests': False, 'cmake_args': None, 'cmake_clean_cache': False, 'cmake_clean_first': False, 'cmake_force_configure': False, 'cmake_target': None, 'cmake_target_skip_unavailable': False, 'install_base': '/home/aymon/frontier_exploration_ws/install/frontier_exploration', 'merge_install': False, 'path': '/home/aymon/frontier_exploration_ws/frontier_exploration', 'symlink_install': False, 'test_result_base': None}
[0.379s] INFO:colcon.colcon_core.executor:Executing jobs using 'parallel' executor
[0.381s] DEBUG:colcon.colcon_parallel_executor.executor.parallel:run_until_complete
[0.381s] INFO:colcon.colcon_ros.task.ament_python.build:Building ROS package in '/home/aymon/frontier_exploration_ws/frontier_exploration' with build type 'ament_python'
[0.381s] Level 1:colcon.colcon_core.shell:create_environment_hook('frontier_exploration', 'ament_prefix_path')
[0.384s] INFO:colcon.colcon_core.plugin_system:Skipping extension 'colcon_core.shell.bat': Not used on non-Windows systems
[0.385s] INFO:colcon.colcon_core.shell:Creating environment hook '/home/aymon/frontier_exploration_ws/install/frontier_exploration/share/frontier_exploration/hook/ament_prefix_path.ps1'
[0.386s] INFO:colcon.colcon_core.shell:Creating environment descriptor '/home/aymon/frontier_exploration_ws/install/frontier_exploration/share/frontier_exploration/hook/ament_prefix_path.dsv'
[0.387s] INFO:colcon.colcon_core.shell:Creating environment hook '/home/aymon/frontier_exploration_ws/install/frontier_exploration/share/frontier_exploration/hook/ament_prefix_path.sh'
[0.388s] INFO:colcon.colcon_core.shell:Skip shell extension 'powershell' for command environment: Not usable outside of PowerShell
[0.388s] DEBUG:colcon.colcon_core.shell:Skip shell extension 'dsv' for command environment
[0.722s] INFO:colcon.colcon_core.task.python.build:Building Python package in '/home/aymon/frontier_exploration_ws/frontier_exploration'
[0.722s] INFO:colcon.colcon_core.shell:Skip shell extension 'powershell' for command environment: Not usable outside of PowerShell
[0.722s] DEBUG:colcon.colcon_core.shell:Skip shell extension 'dsv' for command environment
[1.744s] DEBUG:colcon.colcon_core.event_handler.log_command:Invoking command in '/home/aymon/frontier_exploration_ws/frontier_exploration': DEBUGINFOD_URLS=https://debuginfod.ubuntu.com PYTHONPATH=/home/aymon/frontier_exploration_ws/build/frontier_exploration/prefix_override:/usr/lib/python3/dist-packages/colcon_core/task/python/colcon_distutils_commands:/home/aymon/frontier_exploration_ws/install/frontier_exploration/lib/python3.12/site-packages:${PYTHONPATH} /usr/bin/python3 -W ignore:setup.py install is deprecated -W ignore:easy_install command is deprecated setup.py egg_info --egg-base ../build/frontier_exploration build --build-base /home/aymon/frontier_exploration_ws/build/frontier_exploration/build install --record /home/aymon/frontier_exploration_ws/build/frontier_exploration/install.log --single-version-externally-managed install_data
[2.557s] DEBUG:colcon.colcon_core.event_handler.log_command:Invoked command in '/home/aymon/frontier_exploration_ws/frontier_exploration' returned '0': DEBUGINFOD_URLS=https://debuginfod.ubuntu.com PYTHONPATH=/home/aymon/frontier_exploration_ws/build/frontier_exploration/prefix_override:/usr/lib/python3/dist-packages/colcon_core/task/python/colcon_distutils_commands:/home/aymon/frontier_exploration_ws/install/frontier_exploration/lib/python3.12/site-packages:${PYTHONPATH} /usr/bin/python3 -W ignore:setup.py install is deprecated -W ignore:easy_install command is deprecated setup.py egg_info --egg-base ../build/frontier_exploration build --build-base /home/aymon/frontier_exploration_ws/build/frontier_exploration/build install --record /home/aymon/frontier_exploration_ws/build/frontier_exploration/install.log --single-version-externally-managed install_data
[2.561s] Level 1:colcon.colcon_core.environment:checking '/home/aymon/frontier_exploration_ws/install/frontier_exploration' for CMake module files
[2.562s] Level 1:colcon.colcon_core.environment:checking '/home/aymon/frontier_exploration_ws/install/frontier_exploration' for CMake config files
[2.562s] Level 1:colcon.colcon_core.shell:create_environment_hook('frontier_exploration', 'cmake_prefix_path')
[2.563s] INFO:colcon.colcon_core.shell:Creating environment hook '/home/aymon/frontier_exploration_ws/install/frontier_exploration/share/frontier_exploration/hook/cmake_prefix_path.ps1'
[2.563s] INFO:colcon.colcon_core.shell:Creating environment descriptor '/home/aymon/frontier_exploration_ws/install/frontier_exploration/share/frontier_exploration/hook/cmake_prefix_path.dsv'
[2.564s] INFO:colcon.colcon_core.shell:Creating environment hook '/home/aymon/frontier_exploration_ws/install/frontier_exploration/share/frontier_exploration/hook/cmake_prefix_path.sh'
[2.565s] Level 1:colcon.colcon_core.environment:checking '/home/aymon/frontier_exploration_ws/install/frontier_exploration/lib'
[2.565s] Level 1:colcon.colcon_core.environment:checking '/home/aymon/frontier_exploration_ws/install/frontier_exploration/bin'
[2.565s] Level 1:colcon.colcon_core.environment:checking '/home/aymon/frontier_exploration_ws/install/frontier_exploration/lib/pkgconfig/frontier_exploration.pc'
[2.565s] Level 1:colcon.colcon_core.environment:checking '/home/aymon/frontier_exploration_ws/install/frontier_exploration/lib/python3.12/site-packages'
[2.565s] Level 1:colcon.colcon_core.shell:create_environment_hook('frontier_exploration', 'pythonpath')
[2.566s] INFO:colcon.colcon_core.shell:Creating environment hook '/home/aymon/frontier_exploration_ws/install/frontier_exploration/share/frontier_exploration/hook/pythonpath.ps1'
[2.566s] INFO:colcon.colcon_core.shell:Creating environment descriptor '/home/aymon/frontier_exploration_ws/install/frontier_exploration/share/frontier_exploration/hook/pythonpath.dsv'
[2.567s] INFO:colcon.colcon_core.shell:Creating environment hook '/home/aymon/frontier_exploration_ws/install/frontier_exploration/share/frontier_exploration/hook/pythonpath.sh'
[2.567s] Level 1:colcon.colcon_core.environment:checking '/home/aymon/frontier_exploration_ws/install/frontier_exploration/bin'
[2.567s] Level 1:colcon.colcon_core.environment:create_environment_scripts_only(frontier_exploration)
[2.567s] INFO:colcon.colcon_core.shell:Creating package script '/home/aymon/frontier_exploration_ws/install/frontier_exploration/share/frontier_exploration/package.ps1'
[2.569s] INFO:colcon.colcon_core.shell:Creating package descriptor '/home/aymon/frontier_exploration_ws/install/frontier_exploration/share/frontier_exploration/package.dsv'
[2.570s] INFO:colcon.colcon_core.shell:Creating package script '/home/aymon/frontier_exploration_ws/install/frontier_exploration/share/frontier_exploration/package.sh'
[2.571s] INFO:colcon.colcon_core.shell:Creating package script '/home/aymon/frontier_exploration_ws/install/frontier_exploration/share/frontier_exploration/package.bash'
[2.572s] INFO:colcon.colcon_core.shell:Creating package script '/home/aymon/frontier_exploration_ws/install/frontier_exploration/share/frontier_exploration/package.zsh'
[2.573s] Level 1:colcon.colcon_core.environment:create_file_with_runtime_dependencies(/home/aymon/frontier_exploration_ws/install/frontier_exploration/share/colcon-core/packages/frontier_exploration)
[2.573s] DEBUG:colcon.colcon_parallel_executor.executor.parallel:closing loop
[2.573s] DEBUG:colcon.colcon_parallel_executor.executor.parallel:loop closed
[2.573s] DEBUG:colcon.colcon_parallel_executor.executor.parallel:run_until_complete finished with '0'
[2.573s] DEBUG:colcon.colcon_core.event_reactor:joining thread
[2.611s] INFO:colcon.colcon_core.plugin_system:Skipping extension 'colcon_notification.desktop_notification.terminal_notifier': Not used on non-Darwin systems
[2.611s] INFO:colcon.colcon_core.plugin_system:Skipping extension 'colcon_notification.desktop_notification.win32': Not used on non-Windows systems
[2.611s] INFO:colcon.colcon_notification.desktop_notification:Sending desktop notification using 'notify2'
[2.633s] DEBUG:colcon.colcon_core.event_reactor:joined thread
[2.633s] INFO:colcon.colcon_core.shell:Creating prefix script '/home/aymon/frontier_exploration_ws/install/local_setup.ps1'
[2.634s] INFO:colcon.colcon_core.shell:Creating prefix util module '/home/aymon/frontier_exploration_ws/install/_local_setup_util_ps1.py'
[2.636s] INFO:colcon.colcon_core.shell:Creating prefix chain script '/home/aymon/frontier_exploration_ws/install/setup.ps1'
[2.637s] INFO:colcon.colcon_core.shell:Creating prefix script '/home/aymon/frontier_exploration_ws/install/local_setup.sh'
[2.638s] INFO:colcon.colcon_core.shell:Creating prefix util module '/home/aymon/frontier_exploration_ws/install/_local_setup_util_sh.py'
[2.638s] INFO:colcon.colcon_core.shell:Creating prefix chain script '/home/aymon/frontier_exploration_ws/install/setup.sh'
[2.640s] INFO:colcon.colcon_core.shell:Creating prefix script '/home/aymon/frontier_exploration_ws/install/local_setup.bash'
[2.641s] INFO:colcon.colcon_core.shell:Creating prefix chain script '/home/aymon/frontier_exploration_ws/install/setup.bash'
[2.642s] INFO:colcon.colcon_core.shell:Creating prefix script '/home/aymon/frontier_exploration_ws/install/local_setup.zsh'
[2.643s] INFO:colcon.colcon_core.shell:Creating prefix chain script '/home/aymon/frontier_exploration_ws/install/setup.zsh'
