[0.381s] DEBUG:colcon:Command line arguments: ['/usr/bin/colcon', 'build']
[0.381s] DEBUG:colcon:Parsed command line arguments: Namespace(log_base=None, log_level=None, verb_name='build', build_base='build', install_base='install', merge_install=False, symlink_install=False, test_result_base=None, continue_on_error=False, executor='parallel', parallel_workers=16, event_handlers=None, ignore_user_meta=False, metas=['./colcon.meta'], base_paths=['.'], packages_ignore=None, packages_ignore_regex=None, paths=None, packages_up_to=None, packages_up_to_regex=None, packages_above=None, packages_above_and_dependencies=None, packages_above_depth=None, packages_select_by_dep=None, packages_skip_by_dep=None, packages_skip_up_to=None, packages_select_build_failed=False, packages_skip_build_finished=False, packages_select_test_failures=False, packages_skip_test_passed=False, packages_select=None, packages_skip=None, packages_select_regex=None, packages_skip_regex=None, packages_start=None, packages_end=None, allow_overriding=[], cmake_args=None, cmake_target=None, cmake_target_skip_unavailable=False, cmake_clean_cache=False, cmake_clean_first=False, cmake_force_configure=False, ament_cmake_args=None, catkin_cmake_args=None, catkin_skip_building_tests=False, mixin_files=None, mixin=None, verb_parser=<colcon_mixin.mixin.mixin_argument.MixinArgumentDecorator object at 0x73930f6ad970>, verb_extension=<colcon_core.verb.build.BuildVerb object at 0x73930f7ce1b0>, main=<bound method BuildVerb.main of <colcon_core.verb.build.BuildVerb object at 0x73930f7ce1b0>>, mixin_verb=('build',))
[0.512s] Level 1:colcon.colcon_core.package_discovery:discover_packages(colcon_meta) check parameters
[0.513s] Level 1:colcon.colcon_core.package_discovery:discover_packages(recursive) check parameters
[0.513s] Level 1:colcon.colcon_core.package_discovery:discover_packages(ignore) check parameters
[0.513s] Level 1:colcon.colcon_core.package_discovery:discover_packages(path) check parameters
[0.513s] Level 1:colcon.colcon_core.package_discovery:discover_packages(colcon_meta) discover
[0.514s] Level 1:colcon.colcon_core.package_discovery:discover_packages(recursive) discover
[0.514s] INFO:colcon.colcon_core.package_discovery:Crawling recursively for packages in '/home/aymon/frontier_exploration_ws'
[0.514s] Level 1:colcon.colcon_core.package_identification:_identify(.) by extensions ['ignore', 'ignore_ament_install']
[0.514s] Level 1:colcon.colcon_core.package_identification:_identify(.) by extension 'ignore'
[0.515s] Level 1:colcon.colcon_core.package_identification:_identify(.) by extension 'ignore_ament_install'
[0.515s] Level 1:colcon.colcon_core.package_identification:_identify(.) by extensions ['colcon_pkg']
[0.515s] Level 1:colcon.colcon_core.package_identification:_identify(.) by extension 'colcon_pkg'
[0.515s] Level 1:colcon.colcon_core.package_identification:_identify(.) by extensions ['colcon_meta']
[0.515s] Level 1:colcon.colcon_core.package_identification:_identify(.) by extension 'colcon_meta'
[0.515s] Level 1:colcon.colcon_core.package_identification:_identify(.) by extensions ['ros']
[0.515s] Level 1:colcon.colcon_core.package_identification:_identify(.) by extension 'ros'
[0.595s] Level 1:colcon.colcon_core.package_identification:_identify(.) by extensions ['cmake', 'python']
[0.595s] Level 1:colcon.colcon_core.package_identification:_identify(.) by extension 'cmake'
[0.595s] Level 1:colcon.colcon_core.package_identification:_identify(.) by extension 'python'
[0.595s] Level 1:colcon.colcon_core.package_identification:_identify(.) by extensions ['python_setup_py']
[0.595s] Level 1:colcon.colcon_core.package_identification:_identify(.) by extension 'python_setup_py'
[0.596s] Level 1:colcon.colcon_core.package_identification:_identify(build) by extensions ['ignore', 'ignore_ament_install']
[0.596s] Level 1:colcon.colcon_core.package_identification:_identify(build) by extension 'ignore'
[0.596s] Level 1:colcon.colcon_core.package_identification:_identify(build) ignored
[0.596s] Level 1:colcon.colcon_core.package_identification:_identify(frontier_exploration) by extensions ['ignore', 'ignore_ament_install']
[0.597s] Level 1:colcon.colcon_core.package_identification:_identify(frontier_exploration) by extension 'ignore'
[0.597s] Level 1:colcon.colcon_core.package_identification:_identify(frontier_exploration) by extension 'ignore_ament_install'
[0.597s] Level 1:colcon.colcon_core.package_identification:_identify(frontier_exploration) by extensions ['colcon_pkg']
[0.597s] Level 1:colcon.colcon_core.package_identification:_identify(frontier_exploration) by extension 'colcon_pkg'
[0.597s] Level 1:colcon.colcon_core.package_identification:_identify(frontier_exploration) by extensions ['colcon_meta']
[0.597s] Level 1:colcon.colcon_core.package_identification:_identify(frontier_exploration) by extension 'colcon_meta'
[0.597s] Level 1:colcon.colcon_core.package_identification:_identify(frontier_exploration) by extensions ['ros']
[0.597s] Level 1:colcon.colcon_core.package_identification:_identify(frontier_exploration) by extension 'ros'
[0.603s] DEBUG:colcon.colcon_core.package_identification:Package 'frontier_exploration' with type 'ros.ament_python' and name 'frontier_exploration'
[0.604s] Level 1:colcon.colcon_core.package_identification:_identify(install) by extensions ['ignore', 'ignore_ament_install']
[0.604s] Level 1:colcon.colcon_core.package_identification:_identify(install) by extension 'ignore'
[0.604s] Level 1:colcon.colcon_core.package_identification:_identify(install) ignored
[0.605s] Level 1:colcon.colcon_core.package_identification:_identify(log) by extensions ['ignore', 'ignore_ament_install']
[0.605s] Level 1:colcon.colcon_core.package_identification:_identify(log) by extension 'ignore'
[0.605s] Level 1:colcon.colcon_core.package_identification:_identify(log) ignored
[0.605s] Level 1:colcon.colcon_core.package_identification:_identify(training_data) by extensions ['ignore', 'ignore_ament_install']
[0.606s] Level 1:colcon.colcon_core.package_identification:_identify(training_data) by extension 'ignore'
[0.606s] Level 1:colcon.colcon_core.package_identification:_identify(training_data) by extension 'ignore_ament_install'
[0.606s] Level 1:colcon.colcon_core.package_identification:_identify(training_data) by extensions ['colcon_pkg']
[0.606s] Level 1:colcon.colcon_core.package_identification:_identify(training_data) by extension 'colcon_pkg'
[0.606s] Level 1:colcon.colcon_core.package_identification:_identify(training_data) by extensions ['colcon_meta']
[0.606s] Level 1:colcon.colcon_core.package_identification:_identify(training_data) by extension 'colcon_meta'
[0.606s] Level 1:colcon.colcon_core.package_identification:_identify(training_data) by extensions ['ros']
[0.606s] Level 1:colcon.colcon_core.package_identification:_identify(training_data) by extension 'ros'
[0.607s] Level 1:colcon.colcon_core.package_identification:_identify(training_data) by extensions ['cmake', 'python']
[0.607s] Level 1:colcon.colcon_core.package_identification:_identify(training_data) by extension 'cmake'
[0.607s] Level 1:colcon.colcon_core.package_identification:_identify(training_data) by extension 'python'
[0.607s] Level 1:colcon.colcon_core.package_identification:_identify(training_data) by extensions ['python_setup_py']
[0.607s] Level 1:colcon.colcon_core.package_identification:_identify(training_data) by extension 'python_setup_py'
[0.608s] Level 1:colcon.colcon_core.package_identification:_identify(training_data/16_01_2025_12_44_18) by extensions ['ignore', 'ignore_ament_install']
[0.608s] Level 1:colcon.colcon_core.package_identification:_identify(training_data/16_01_2025_12_44_18) by extension 'ignore'
[0.608s] Level 1:colcon.colcon_core.package_identification:_identify(training_data/16_01_2025_12_44_18) by extension 'ignore_ament_install'
[0.608s] Level 1:colcon.colcon_core.package_identification:_identify(training_data/16_01_2025_12_44_18) by extensions ['colcon_pkg']
[0.608s] Level 1:colcon.colcon_core.package_identification:_identify(training_data/16_01_2025_12_44_18) by extension 'colcon_pkg'
[0.608s] Level 1:colcon.colcon_core.package_identification:_identify(training_data/16_01_2025_12_44_18) by extensions ['colcon_meta']
[0.609s] Level 1:colcon.colcon_core.package_identification:_identify(training_data/16_01_2025_12_44_18) by extension 'colcon_meta'
[0.609s] Level 1:colcon.colcon_core.package_identification:_identify(training_data/16_01_2025_12_44_18) by extensions ['ros']
[0.609s] Level 1:colcon.colcon_core.package_identification:_identify(training_data/16_01_2025_12_44_18) by extension 'ros'
[0.609s] Level 1:colcon.colcon_core.package_identification:_identify(training_data/16_01_2025_12_44_18) by extensions ['cmake', 'python']
[0.609s] Level 1:colcon.colcon_core.package_identification:_identify(training_data/16_01_2025_12_44_18) by extension 'cmake'
[0.609s] Level 1:colcon.colcon_core.package_identification:_identify(training_data/16_01_2025_12_44_18) by extension 'python'
[0.609s] Level 1:colcon.colcon_core.package_identification:_identify(training_data/16_01_2025_12_44_18) by extensions ['python_setup_py']
[0.609s] Level 1:colcon.colcon_core.package_identification:_identify(training_data/16_01_2025_12_44_18) by extension 'python_setup_py'
[0.610s] Level 1:colcon.colcon_core.package_identification:_identify(training_data/17_01_2025_12_27_07) by extensions ['ignore', 'ignore_ament_install']
[0.610s] Level 1:colcon.colcon_core.package_identification:_identify(training_data/17_01_2025_12_27_07) by extension 'ignore'
[0.610s] Level 1:colcon.colcon_core.package_identification:_identify(training_data/17_01_2025_12_27_07) by extension 'ignore_ament_install'
[0.610s] Level 1:colcon.colcon_core.package_identification:_identify(training_data/17_01_2025_12_27_07) by extensions ['colcon_pkg']
[0.610s] Level 1:colcon.colcon_core.package_identification:_identify(training_data/17_01_2025_12_27_07) by extension 'colcon_pkg'
[0.610s] Level 1:colcon.colcon_core.package_identification:_identify(training_data/17_01_2025_12_27_07) by extensions ['colcon_meta']
[0.610s] Level 1:colcon.colcon_core.package_identification:_identify(training_data/17_01_2025_12_27_07) by extension 'colcon_meta'
[0.610s] Level 1:colcon.colcon_core.package_identification:_identify(training_data/17_01_2025_12_27_07) by extensions ['ros']
[0.611s] Level 1:colcon.colcon_core.package_identification:_identify(training_data/17_01_2025_12_27_07) by extension 'ros'
[0.611s] Level 1:colcon.colcon_core.package_identification:_identify(training_data/17_01_2025_12_27_07) by extensions ['cmake', 'python']
[0.611s] Level 1:colcon.colcon_core.package_identification:_identify(training_data/17_01_2025_12_27_07) by extension 'cmake'
[0.611s] Level 1:colcon.colcon_core.package_identification:_identify(training_data/17_01_2025_12_27_07) by extension 'python'
[0.611s] Level 1:colcon.colcon_core.package_identification:_identify(training_data/17_01_2025_12_27_07) by extensions ['python_setup_py']
[0.611s] Level 1:colcon.colcon_core.package_identification:_identify(training_data/17_01_2025_12_27_07) by extension 'python_setup_py'
[0.612s] Level 1:colcon.colcon_core.package_identification:_identify(training_data/17_01_2025_12_52_26) by extensions ['ignore', 'ignore_ament_install']
[0.612s] Level 1:colcon.colcon_core.package_identification:_identify(training_data/17_01_2025_12_52_26) by extension 'ignore'
[0.612s] Level 1:colcon.colcon_core.package_identification:_identify(training_data/17_01_2025_12_52_26) by extension 'ignore_ament_install'
[0.612s] Level 1:colcon.colcon_core.package_identification:_identify(training_data/17_01_2025_12_52_26) by extensions ['colcon_pkg']
[0.612s] Level 1:colcon.colcon_core.package_identification:_identify(training_data/17_01_2025_12_52_26) by extension 'colcon_pkg'
[0.612s] Level 1:colcon.colcon_core.package_identification:_identify(training_data/17_01_2025_12_52_26) by extensions ['colcon_meta']
[0.613s] Level 1:colcon.colcon_core.package_identification:_identify(training_data/17_01_2025_12_52_26) by extension 'colcon_meta'
[0.613s] Level 1:colcon.colcon_core.package_identification:_identify(training_data/17_01_2025_12_52_26) by extensions ['ros']
[0.613s] Level 1:colcon.colcon_core.package_identification:_identify(training_data/17_01_2025_12_52_26) by extension 'ros'
[0.613s] Level 1:colcon.colcon_core.package_identification:_identify(training_data/17_01_2025_12_52_26) by extensions ['cmake', 'python']
[0.613s] Level 1:colcon.colcon_core.package_identification:_identify(training_data/17_01_2025_12_52_26) by extension 'cmake'
[0.613s] Level 1:colcon.colcon_core.package_identification:_identify(training_data/17_01_2025_12_52_26) by extension 'python'
[0.613s] Level 1:colcon.colcon_core.package_identification:_identify(training_data/17_01_2025_12_52_26) by extensions ['python_setup_py']
[0.613s] Level 1:colcon.colcon_core.package_identification:_identify(training_data/17_01_2025_12_52_26) by extension 'python_setup_py'
[0.614s] Level 1:colcon.colcon_core.package_identification:_identify(training_data/17_01_2025_14_13_19) by extensions ['ignore', 'ignore_ament_install']
[0.614s] Level 1:colcon.colcon_core.package_identification:_identify(training_data/17_01_2025_14_13_19) by extension 'ignore'
[0.614s] Level 1:colcon.colcon_core.package_identification:_identify(training_data/17_01_2025_14_13_19) by extension 'ignore_ament_install'
[0.614s] Level 1:colcon.colcon_core.package_identification:_identify(training_data/17_01_2025_14_13_19) by extensions ['colcon_pkg']
[0.614s] Level 1:colcon.colcon_core.package_identification:_identify(training_data/17_01_2025_14_13_19) by extension 'colcon_pkg'
[0.615s] Level 1:colcon.colcon_core.package_identification:_identify(training_data/17_01_2025_14_13_19) by extensions ['colcon_meta']
[0.615s] Level 1:colcon.colcon_core.package_identification:_identify(training_data/17_01_2025_14_13_19) by extension 'colcon_meta'
[0.615s] Level 1:colcon.colcon_core.package_identification:_identify(training_data/17_01_2025_14_13_19) by extensions ['ros']
[0.615s] Level 1:colcon.colcon_core.package_identification:_identify(training_data/17_01_2025_14_13_19) by extension 'ros'
[0.615s] Level 1:colcon.colcon_core.package_identification:_identify(training_data/17_01_2025_14_13_19) by extensions ['cmake', 'python']
[0.615s] Level 1:colcon.colcon_core.package_identification:_identify(training_data/17_01_2025_14_13_19) by extension 'cmake'
[0.615s] Level 1:colcon.colcon_core.package_identification:_identify(training_data/17_01_2025_14_13_19) by extension 'python'
[0.615s] Level 1:colcon.colcon_core.package_identification:_identify(training_data/17_01_2025_14_13_19) by extensions ['python_setup_py']
[0.615s] Level 1:colcon.colcon_core.package_identification:_identify(training_data/17_01_2025_14_13_19) by extension 'python_setup_py'
[0.616s] Level 1:colcon.colcon_core.package_identification:_identify(training_data/21_01_2025_13_16_14) by extensions ['ignore', 'ignore_ament_install']
[0.616s] Level 1:colcon.colcon_core.package_identification:_identify(training_data/21_01_2025_13_16_14) by extension 'ignore'
[0.617s] Level 1:colcon.colcon_core.package_identification:_identify(training_data/21_01_2025_13_16_14) by extension 'ignore_ament_install'
[0.617s] Level 1:colcon.colcon_core.package_identification:_identify(training_data/21_01_2025_13_16_14) by extensions ['colcon_pkg']
[0.617s] Level 1:colcon.colcon_core.package_identification:_identify(training_data/21_01_2025_13_16_14) by extension 'colcon_pkg'
[0.617s] Level 1:colcon.colcon_core.package_identification:_identify(training_data/21_01_2025_13_16_14) by extensions ['colcon_meta']
[0.617s] Level 1:colcon.colcon_core.package_identification:_identify(training_data/21_01_2025_13_16_14) by extension 'colcon_meta'
[0.617s] Level 1:colcon.colcon_core.package_identification:_identify(training_data/21_01_2025_13_16_14) by extensions ['ros']
[0.617s] Level 1:colcon.colcon_core.package_identification:_identify(training_data/21_01_2025_13_16_14) by extension 'ros'
[0.617s] Level 1:colcon.colcon_core.package_identification:_identify(training_data/21_01_2025_13_16_14) by extensions ['cmake', 'python']
[0.617s] Level 1:colcon.colcon_core.package_identification:_identify(training_data/21_01_2025_13_16_14) by extension 'cmake'
[0.618s] Level 1:colcon.colcon_core.package_identification:_identify(training_data/21_01_2025_13_16_14) by extension 'python'
[0.618s] Level 1:colcon.colcon_core.package_identification:_identify(training_data/21_01_2025_13_16_14) by extensions ['python_setup_py']
[0.618s] Level 1:colcon.colcon_core.package_identification:_identify(training_data/21_01_2025_13_16_14) by extension 'python_setup_py'
[0.618s] Level 1:colcon.colcon_core.package_discovery:discover_packages(recursive) using defaults
[0.618s] Level 1:colcon.colcon_core.package_discovery:discover_packages(ignore) discover
[0.618s] Level 1:colcon.colcon_core.package_discovery:discover_packages(ignore) using defaults
[0.618s] Level 1:colcon.colcon_core.package_discovery:discover_packages(path) discover
[0.618s] Level 1:colcon.colcon_core.package_discovery:discover_packages(path) using defaults
[0.669s] Level 1:colcon.colcon_core.package_discovery:discover_packages(prefix_path) check parameters
[0.669s] Level 1:colcon.colcon_core.package_discovery:discover_packages(prefix_path) discover
[0.674s] DEBUG:colcon.colcon_installed_package_information.package_discovery:Found 2 installed packages in /home/aymon/frontier_exploration_ws/install
[0.676s] DEBUG:colcon.colcon_installed_package_information.package_discovery:Found 10 installed packages in /home/aymon/turtlebot4_ws/install
[0.681s] DEBUG:colcon.colcon_installed_package_information.package_discovery:Found 453 installed packages in /opt/ros/jazzy
[0.689s] Level 1:colcon.colcon_core.package_discovery:discover_packages(prefix_path) using defaults
[0.860s] Level 5:colcon.colcon_core.verb:set package 'frontier_exploration' build argument 'cmake_args' from command line to 'None'
[0.860s] Level 5:colcon.colcon_core.verb:set package 'frontier_exploration' build argument 'cmake_target' from command line to 'None'
[0.860s] Level 5:colcon.colcon_core.verb:set package 'frontier_exploration' build argument 'cmake_target_skip_unavailable' from command line to 'False'
[0.860s] Level 5:colcon.colcon_core.verb:set package 'frontier_exploration' build argument 'cmake_clean_cache' from command line to 'False'
[0.860s] Level 5:colcon.colcon_core.verb:set package 'frontier_exploration' build argument 'cmake_clean_first' from command line to 'False'
[0.860s] Level 5:colcon.colcon_core.verb:set package 'frontier_exploration' build argument 'cmake_force_configure' from command line to 'False'
[0.860s] Level 5:colcon.colcon_core.verb:set package 'frontier_exploration' build argument 'ament_cmake_args' from command line to 'None'
[0.860s] Level 5:colcon.colcon_core.verb:set package 'frontier_exploration' build argument 'catkin_cmake_args' from command line to 'None'
[0.860s] Level 5:colcon.colcon_core.verb:set package 'frontier_exploration' build argument 'catkin_skip_building_tests' from command line to 'False'
[0.861s] DEBUG:colcon.colcon_core.verb:Building package 'frontier_exploration' with the following arguments: {'ament_cmake_args': None, 'build_base': '/home/aymon/frontier_exploration_ws/build/frontier_exploration', 'catkin_cmake_args': None, 'catkin_skip_building_tests': False, 'cmake_args': None, 'cmake_clean_cache': False, 'cmake_clean_first': False, 'cmake_force_configure': False, 'cmake_target': None, 'cmake_target_skip_unavailable': False, 'install_base': '/home/aymon/frontier_exploration_ws/install/frontier_exploration', 'merge_install': False, 'path': '/home/aymon/frontier_exploration_ws/frontier_exploration', 'symlink_install': False, 'test_result_base': None}
[0.861s] INFO:colcon.colcon_core.executor:Executing jobs using 'parallel' executor
[0.864s] DEBUG:colcon.colcon_parallel_executor.executor.parallel:run_until_complete
[0.865s] INFO:colcon.colcon_ros.task.ament_python.build:Building ROS package in '/home/aymon/frontier_exploration_ws/frontier_exploration' with build type 'ament_python'
[0.865s] Level 1:colcon.colcon_core.shell:create_environment_hook('frontier_exploration', 'ament_prefix_path')
[0.871s] INFO:colcon.colcon_core.plugin_system:Skipping extension 'colcon_core.shell.bat': Not used on non-Windows systems
[0.872s] INFO:colcon.colcon_core.shell:Creating environment hook '/home/aymon/frontier_exploration_ws/install/frontier_exploration/share/frontier_exploration/hook/ament_prefix_path.ps1'
[0.873s] INFO:colcon.colcon_core.shell:Creating environment descriptor '/home/aymon/frontier_exploration_ws/install/frontier_exploration/share/frontier_exploration/hook/ament_prefix_path.dsv'
[0.875s] INFO:colcon.colcon_core.shell:Creating environment hook '/home/aymon/frontier_exploration_ws/install/frontier_exploration/share/frontier_exploration/hook/ament_prefix_path.sh'
[0.876s] INFO:colcon.colcon_core.shell:Skip shell extension 'powershell' for command environment: Not usable outside of PowerShell
[0.876s] DEBUG:colcon.colcon_core.shell:Skip shell extension 'dsv' for command environment
[1.682s] INFO:colcon.colcon_core.task.python.build:Building Python package in '/home/aymon/frontier_exploration_ws/frontier_exploration'
[1.683s] INFO:colcon.colcon_core.shell:Skip shell extension 'powershell' for command environment: Not usable outside of PowerShell
[1.683s] DEBUG:colcon.colcon_core.shell:Skip shell extension 'dsv' for command environment
[3.862s] DEBUG:colcon.colcon_core.event_handler.log_command:Invoking command in '/home/aymon/frontier_exploration_ws/frontier_exploration': DEBUGINFOD_URLS=https://debuginfod.ubuntu.com PYTHONPATH=/home/aymon/frontier_exploration_ws/build/frontier_exploration/prefix_override:/usr/lib/python3/dist-packages/colcon_core/task/python/colcon_distutils_commands:/home/aymon/frontier_exploration_ws/install/frontier_exploration/lib/python3.12/site-packages:${PYTHONPATH} /usr/bin/python3 -W ignore:setup.py install is deprecated -W ignore:easy_install command is deprecated setup.py egg_info --egg-base ../build/frontier_exploration build --build-base /home/aymon/frontier_exploration_ws/build/frontier_exploration/build install --record /home/aymon/frontier_exploration_ws/build/frontier_exploration/install.log --single-version-externally-managed install_data
[5.980s] DEBUG:colcon.colcon_core.event_handler.log_command:Invoked command in '/home/aymon/frontier_exploration_ws/frontier_exploration' returned '0': DEBUGINFOD_URLS=https://debuginfod.ubuntu.com PYTHONPATH=/home/aymon/frontier_exploration_ws/build/frontier_exploration/prefix_override:/usr/lib/python3/dist-packages/colcon_core/task/python/colcon_distutils_commands:/home/aymon/frontier_exploration_ws/install/frontier_exploration/lib/python3.12/site-packages:${PYTHONPATH} /usr/bin/python3 -W ignore:setup.py install is deprecated -W ignore:easy_install command is deprecated setup.py egg_info --egg-base ../build/frontier_exploration build --build-base /home/aymon/frontier_exploration_ws/build/frontier_exploration/build install --record /home/aymon/frontier_exploration_ws/build/frontier_exploration/install.log --single-version-externally-managed install_data
[5.987s] Level 1:colcon.colcon_core.environment:checking '/home/aymon/frontier_exploration_ws/install/frontier_exploration' for CMake module files
[5.992s] Level 1:colcon.colcon_core.environment:checking '/home/aymon/frontier_exploration_ws/install/frontier_exploration' for CMake config files
[5.994s] Level 1:colcon.colcon_core.shell:create_environment_hook('frontier_exploration', 'cmake_prefix_path')
[5.995s] INFO:colcon.colcon_core.shell:Creating environment hook '/home/aymon/frontier_exploration_ws/install/frontier_exploration/share/frontier_exploration/hook/cmake_prefix_path.ps1'
[5.996s] INFO:colcon.colcon_core.shell:Creating environment descriptor '/home/aymon/frontier_exploration_ws/install/frontier_exploration/share/frontier_exploration/hook/cmake_prefix_path.dsv'
[5.997s] INFO:colcon.colcon_core.shell:Creating environment hook '/home/aymon/frontier_exploration_ws/install/frontier_exploration/share/frontier_exploration/hook/cmake_prefix_path.sh'
[6.000s] Level 1:colcon.colcon_core.environment:checking '/home/aymon/frontier_exploration_ws/install/frontier_exploration/lib'
[6.000s] Level 1:colcon.colcon_core.environment:checking '/home/aymon/frontier_exploration_ws/install/frontier_exploration/bin'
[6.001s] Level 1:colcon.colcon_core.environment:checking '/home/aymon/frontier_exploration_ws/install/frontier_exploration/lib/pkgconfig/frontier_exploration.pc'
[6.001s] Level 1:colcon.colcon_core.environment:checking '/home/aymon/frontier_exploration_ws/install/frontier_exploration/lib/python3.12/site-packages'
[6.001s] Level 1:colcon.colcon_core.shell:create_environment_hook('frontier_exploration', 'pythonpath')
[6.002s] INFO:colcon.colcon_core.shell:Creating environment hook '/home/aymon/frontier_exploration_ws/install/frontier_exploration/share/frontier_exploration/hook/pythonpath.ps1'
[6.003s] INFO:colcon.colcon_core.shell:Creating environment descriptor '/home/aymon/frontier_exploration_ws/install/frontier_exploration/share/frontier_exploration/hook/pythonpath.dsv'
[6.005s] INFO:colcon.colcon_core.shell:Creating environment hook '/home/aymon/frontier_exploration_ws/install/frontier_exploration/share/frontier_exploration/hook/pythonpath.sh'
[6.007s] Level 1:colcon.colcon_core.environment:checking '/home/aymon/frontier_exploration_ws/install/frontier_exploration/bin'
[6.007s] Level 1:colcon.colcon_core.environment:create_environment_scripts_only(frontier_exploration)
[6.008s] INFO:colcon.colcon_core.shell:Creating package script '/home/aymon/frontier_exploration_ws/install/frontier_exploration/share/frontier_exploration/package.ps1'
[6.011s] INFO:colcon.colcon_core.shell:Creating package descriptor '/home/aymon/frontier_exploration_ws/install/frontier_exploration/share/frontier_exploration/package.dsv'
[6.013s] INFO:colcon.colcon_core.shell:Creating package script '/home/aymon/frontier_exploration_ws/install/frontier_exploration/share/frontier_exploration/package.sh'
[6.016s] INFO:colcon.colcon_core.shell:Creating package script '/home/aymon/frontier_exploration_ws/install/frontier_exploration/share/frontier_exploration/package.bash'
[6.018s] INFO:colcon.colcon_core.shell:Creating package script '/home/aymon/frontier_exploration_ws/install/frontier_exploration/share/frontier_exploration/package.zsh'
[6.020s] Level 1:colcon.colcon_core.environment:create_file_with_runtime_dependencies(/home/aymon/frontier_exploration_ws/install/frontier_exploration/share/colcon-core/packages/frontier_exploration)
[6.021s] DEBUG:colcon.colcon_parallel_executor.executor.parallel:closing loop
[6.022s] DEBUG:colcon.colcon_parallel_executor.executor.parallel:loop closed
[6.023s] DEBUG:colcon.colcon_parallel_executor.executor.parallel:run_until_complete finished with '0'
[6.023s] DEBUG:colcon.colcon_core.event_reactor:joining thread
[6.087s] INFO:colcon.colcon_core.plugin_system:Skipping extension 'colcon_notification.desktop_notification.terminal_notifier': Not used on non-Darwin systems
[6.087s] INFO:colcon.colcon_core.plugin_system:Skipping extension 'colcon_notification.desktop_notification.win32': Not used on non-Windows systems
[6.087s] INFO:colcon.colcon_notification.desktop_notification:Sending desktop notification using 'notify2'
[6.127s] DEBUG:colcon.colcon_core.event_reactor:joined thread
[6.128s] INFO:colcon.colcon_core.shell:Creating prefix script '/home/aymon/frontier_exploration_ws/install/local_setup.ps1'
[6.131s] INFO:colcon.colcon_core.shell:Creating prefix util module '/home/aymon/frontier_exploration_ws/install/_local_setup_util_ps1.py'
[6.134s] INFO:colcon.colcon_core.shell:Creating prefix chain script '/home/aymon/frontier_exploration_ws/install/setup.ps1'
[6.140s] INFO:colcon.colcon_core.shell:Creating prefix script '/home/aymon/frontier_exploration_ws/install/local_setup.sh'
[6.142s] INFO:colcon.colcon_core.shell:Creating prefix util module '/home/aymon/frontier_exploration_ws/install/_local_setup_util_sh.py'
[6.143s] INFO:colcon.colcon_core.shell:Creating prefix chain script '/home/aymon/frontier_exploration_ws/install/setup.sh'
[6.148s] INFO:colcon.colcon_core.shell:Creating prefix script '/home/aymon/frontier_exploration_ws/install/local_setup.bash'
[6.149s] INFO:colcon.colcon_core.shell:Creating prefix chain script '/home/aymon/frontier_exploration_ws/install/setup.bash'
[6.153s] INFO:colcon.colcon_core.shell:Creating prefix script '/home/aymon/frontier_exploration_ws/install/local_setup.zsh'
[6.155s] INFO:colcon.colcon_core.shell:Creating prefix chain script '/home/aymon/frontier_exploration_ws/install/setup.zsh'
