[0.114s] DEBUG:colcon:Command line arguments: ['/usr/bin/colcon', 'build']
[0.114s] DEBUG:colcon:Parsed command line arguments: Namespace(log_base=None, log_level=None, verb_name='build', build_base='build', install_base='install', merge_install=False, symlink_install=False, test_result_base=None, continue_on_error=False, executor='parallel', parallel_workers=16, event_handlers=None, ignore_user_meta=False, metas=['./colcon.meta'], base_paths=['.'], packages_ignore=None, packages_ignore_regex=None, paths=None, packages_up_to=None, packages_up_to_regex=None, packages_above=None, packages_above_and_dependencies=None, packages_above_depth=None, packages_select_by_dep=None, packages_skip_by_dep=None, packages_skip_up_to=None, packages_select_build_failed=False, packages_skip_build_finished=False, packages_select_test_failures=False, packages_skip_test_passed=False, packages_select=None, packages_skip=None, packages_select_regex=None, packages_skip_regex=None, packages_start=None, packages_end=None, allow_overriding=[], cmake_args=None, cmake_target=None, cmake_target_skip_unavailable=False, cmake_clean_cache=False, cmake_clean_first=False, cmake_force_configure=False, ament_cmake_args=None, catkin_cmake_args=None, catkin_skip_building_tests=False, mixin_files=None, mixin=None, verb_parser=<colcon_mixin.mixin.mixin_argument.MixinArgumentDecorator object at 0x70405e798b90>, verb_extension=<colcon_core.verb.build.BuildVerb object at 0x70405e8b0cb0>, main=<bound method BuildVerb.main of <colcon_core.verb.build.BuildVerb object at 0x70405e8b0cb0>>, mixin_verb=('build',))
[0.158s] Level 1:colcon.colcon_core.package_discovery:discover_packages(colcon_meta) check parameters
[0.158s] Level 1:colcon.colcon_core.package_discovery:discover_packages(recursive) check parameters
[0.158s] Level 1:colcon.colcon_core.package_discovery:discover_packages(ignore) check parameters
[0.158s] Level 1:colcon.colcon_core.package_discovery:discover_packages(path) check parameters
[0.158s] Level 1:colcon.colcon_core.package_discovery:discover_packages(colcon_meta) discover
[0.158s] Level 1:colcon.colcon_core.package_discovery:discover_packages(recursive) discover
[0.158s] INFO:colcon.colcon_core.package_discovery:Crawling recursively for packages in '/home/aymon/frontier_exploration_ws'
[0.158s] Level 1:colcon.colcon_core.package_identification:_identify(.) by extensions ['ignore', 'ignore_ament_install']
[0.158s] Level 1:colcon.colcon_core.package_identification:_identify(.) by extension 'ignore'
[0.158s] Level 1:colcon.colcon_core.package_identification:_identify(.) by extension 'ignore_ament_install'
[0.158s] Level 1:colcon.colcon_core.package_identification:_identify(.) by extensions ['colcon_pkg']
[0.158s] Level 1:colcon.colcon_core.package_identification:_identify(.) by extension 'colcon_pkg'
[0.158s] Level 1:colcon.colcon_core.package_identification:_identify(.) by extensions ['colcon_meta']
[0.158s] Level 1:colcon.colcon_core.package_identification:_identify(.) by extension 'colcon_meta'
[0.158s] Level 1:colcon.colcon_core.package_identification:_identify(.) by extensions ['ros']
[0.158s] Level 1:colcon.colcon_core.package_identification:_identify(.) by extension 'ros'
[0.176s] Level 1:colcon.colcon_core.package_identification:_identify(.) by extensions ['cmake', 'python']
[0.177s] Level 1:colcon.colcon_core.package_identification:_identify(.) by extension 'cmake'
[0.177s] Level 1:colcon.colcon_core.package_identification:_identify(.) by extension 'python'
[0.177s] Level 1:colcon.colcon_core.package_identification:_identify(.) by extensions ['python_setup_py']
[0.177s] Level 1:colcon.colcon_core.package_identification:_identify(.) by extension 'python_setup_py'
[0.177s] Level 1:colcon.colcon_core.package_identification:_identify(build) by extensions ['ignore', 'ignore_ament_install']
[0.177s] Level 1:colcon.colcon_core.package_identification:_identify(build) by extension 'ignore'
[0.177s] Level 1:colcon.colcon_core.package_identification:_identify(build) ignored
[0.177s] Level 1:colcon.colcon_core.package_identification:_identify(install) by extensions ['ignore', 'ignore_ament_install']
[0.177s] Level 1:colcon.colcon_core.package_identification:_identify(install) by extension 'ignore'
[0.177s] Level 1:colcon.colcon_core.package_identification:_identify(install) ignored
[0.177s] Level 1:colcon.colcon_core.package_identification:_identify(log) by extensions ['ignore', 'ignore_ament_install']
[0.177s] Level 1:colcon.colcon_core.package_identification:_identify(log) by extension 'ignore'
[0.177s] Level 1:colcon.colcon_core.package_identification:_identify(log) ignored
[0.177s] Level 1:colcon.colcon_core.package_identification:_identify(src) by extensions ['ignore', 'ignore_ament_install']
[0.177s] Level 1:colcon.colcon_core.package_identification:_identify(src) by extension 'ignore'
[0.177s] Level 1:colcon.colcon_core.package_identification:_identify(src) by extension 'ignore_ament_install'
[0.177s] Level 1:colcon.colcon_core.package_identification:_identify(src) by extensions ['colcon_pkg']
[0.178s] Level 1:colcon.colcon_core.package_identification:_identify(src) by extension 'colcon_pkg'
[0.178s] Level 1:colcon.colcon_core.package_identification:_identify(src) by extensions ['colcon_meta']
[0.178s] Level 1:colcon.colcon_core.package_identification:_identify(src) by extension 'colcon_meta'
[0.178s] Level 1:colcon.colcon_core.package_identification:_identify(src) by extensions ['ros']
[0.178s] Level 1:colcon.colcon_core.package_identification:_identify(src) by extension 'ros'
[0.178s] Level 1:colcon.colcon_core.package_identification:_identify(src) by extensions ['cmake', 'python']
[0.178s] Level 1:colcon.colcon_core.package_identification:_identify(src) by extension 'cmake'
[0.178s] Level 1:colcon.colcon_core.package_identification:_identify(src) by extension 'python'
[0.178s] Level 1:colcon.colcon_core.package_identification:_identify(src) by extensions ['python_setup_py']
[0.178s] Level 1:colcon.colcon_core.package_identification:_identify(src) by extension 'python_setup_py'
[0.178s] Level 1:colcon.colcon_core.package_identification:_identify(src/frontier_exploration) by extensions ['ignore', 'ignore_ament_install']
[0.178s] Level 1:colcon.colcon_core.package_identification:_identify(src/frontier_exploration) by extension 'ignore'
[0.178s] Level 1:colcon.colcon_core.package_identification:_identify(src/frontier_exploration) by extension 'ignore_ament_install'
[0.178s] Level 1:colcon.colcon_core.package_identification:_identify(src/frontier_exploration) by extensions ['colcon_pkg']
[0.178s] Level 1:colcon.colcon_core.package_identification:_identify(src/frontier_exploration) by extension 'colcon_pkg'
[0.178s] Level 1:colcon.colcon_core.package_identification:_identify(src/frontier_exploration) by extensions ['colcon_meta']
[0.178s] Level 1:colcon.colcon_core.package_identification:_identify(src/frontier_exploration) by extension 'colcon_meta'
[0.178s] Level 1:colcon.colcon_core.package_identification:_identify(src/frontier_exploration) by extensions ['ros']
[0.178s] Level 1:colcon.colcon_core.package_identification:_identify(src/frontier_exploration) by extension 'ros'
[0.180s] DEBUG:colcon.colcon_core.package_identification:Package 'src/frontier_exploration' with type 'ros.ament_cmake' and name 'frontier_exploration'
[0.180s] Level 1:colcon.colcon_core.package_discovery:discover_packages(recursive) using defaults
[0.180s] Level 1:colcon.colcon_core.package_discovery:discover_packages(ignore) discover
[0.180s] Level 1:colcon.colcon_core.package_discovery:discover_packages(ignore) using defaults
[0.180s] Level 1:colcon.colcon_core.package_discovery:discover_packages(path) discover
[0.180s] Level 1:colcon.colcon_core.package_discovery:discover_packages(path) using defaults
[0.196s] Level 1:colcon.colcon_core.package_discovery:discover_packages(prefix_path) check parameters
[0.196s] Level 1:colcon.colcon_core.package_discovery:discover_packages(prefix_path) discover
[0.199s] DEBUG:colcon.colcon_installed_package_information.package_discovery:Found 10 installed packages in /home/aymon/turtlebot4_ws/install
[0.201s] DEBUG:colcon.colcon_installed_package_information.package_discovery:Found 453 installed packages in /opt/ros/jazzy
[0.203s] Level 1:colcon.colcon_core.package_discovery:discover_packages(prefix_path) using defaults
[0.253s] Level 5:colcon.colcon_core.verb:set package 'frontier_exploration' build argument 'cmake_args' from command line to 'None'
[0.253s] Level 5:colcon.colcon_core.verb:set package 'frontier_exploration' build argument 'cmake_target' from command line to 'None'
[0.253s] Level 5:colcon.colcon_core.verb:set package 'frontier_exploration' build argument 'cmake_target_skip_unavailable' from command line to 'False'
[0.253s] Level 5:colcon.colcon_core.verb:set package 'frontier_exploration' build argument 'cmake_clean_cache' from command line to 'False'
[0.253s] Level 5:colcon.colcon_core.verb:set package 'frontier_exploration' build argument 'cmake_clean_first' from command line to 'False'
[0.253s] Level 5:colcon.colcon_core.verb:set package 'frontier_exploration' build argument 'cmake_force_configure' from command line to 'False'
[0.253s] Level 5:colcon.colcon_core.verb:set package 'frontier_exploration' build argument 'ament_cmake_args' from command line to 'None'
[0.253s] Level 5:colcon.colcon_core.verb:set package 'frontier_exploration' build argument 'catkin_cmake_args' from command line to 'None'
[0.253s] Level 5:colcon.colcon_core.verb:set package 'frontier_exploration' build argument 'catkin_skip_building_tests' from command line to 'False'
[0.253s] DEBUG:colcon.colcon_core.verb:Building package 'frontier_exploration' with the following arguments: {'ament_cmake_args': None, 'build_base': '/home/aymon/frontier_exploration_ws/build/frontier_exploration', 'catkin_cmake_args': None, 'catkin_skip_building_tests': False, 'cmake_args': None, 'cmake_clean_cache': False, 'cmake_clean_first': False, 'cmake_force_configure': False, 'cmake_target': None, 'cmake_target_skip_unavailable': False, 'install_base': '/home/aymon/frontier_exploration_ws/install/frontier_exploration', 'merge_install': False, 'path': '/home/aymon/frontier_exploration_ws/src/frontier_exploration', 'symlink_install': False, 'test_result_base': None}
[0.253s] INFO:colcon.colcon_core.executor:Executing jobs using 'parallel' executor
[0.254s] DEBUG:colcon.colcon_parallel_executor.executor.parallel:run_until_complete
[0.254s] INFO:colcon.colcon_ros.task.ament_cmake.build:Building ROS package in '/home/aymon/frontier_exploration_ws/src/frontier_exploration' with build type 'ament_cmake'
[0.254s] INFO:colcon.colcon_cmake.task.cmake.build:Building CMake package in '/home/aymon/frontier_exploration_ws/src/frontier_exploration'
[0.258s] INFO:colcon.colcon_core.plugin_system:Skipping extension 'colcon_core.shell.bat': Not used on non-Windows systems
[0.258s] INFO:colcon.colcon_core.shell:Skip shell extension 'powershell' for command environment: Not usable outside of PowerShell
[0.258s] DEBUG:colcon.colcon_core.shell:Skip shell extension 'dsv' for command environment
[0.265s] DEBUG:colcon.colcon_core.event_handler.log_command:Invoking command in '/home/aymon/frontier_exploration_ws/build/frontier_exploration': CMAKE_PREFIX_PATH=${CMAKE_PREFIX_PATH}:/home/aymon/turtlebot4_ws/install/turtlebot4_python_tutorials:/home/aymon/turtlebot4_ws/install/object_search:/home/aymon/turtlebot4_ws/install/frontier_exploration:/opt/ros/jazzy DEBUGINFOD_URLS=https://debuginfod.ubuntu.com /usr/bin/cmake /home/aymon/frontier_exploration_ws/src/frontier_exploration -DCMAKE_INSTALL_PREFIX=/home/aymon/frontier_exploration_ws/install/frontier_exploration
[1.129s] DEBUG:colcon.colcon_core.event_handler.log_command:Invoked command in '/home/aymon/frontier_exploration_ws/build/frontier_exploration' returned '0': CMAKE_PREFIX_PATH=${CMAKE_PREFIX_PATH}:/home/aymon/turtlebot4_ws/install/turtlebot4_python_tutorials:/home/aymon/turtlebot4_ws/install/object_search:/home/aymon/turtlebot4_ws/install/frontier_exploration:/opt/ros/jazzy DEBUGINFOD_URLS=https://debuginfod.ubuntu.com /usr/bin/cmake /home/aymon/frontier_exploration_ws/src/frontier_exploration -DCMAKE_INSTALL_PREFIX=/home/aymon/frontier_exploration_ws/install/frontier_exploration
[1.130s] DEBUG:colcon.colcon_core.event_handler.log_command:Invoking command in '/home/aymon/frontier_exploration_ws/build/frontier_exploration': CMAKE_PREFIX_PATH=${CMAKE_PREFIX_PATH}:/home/aymon/turtlebot4_ws/install/turtlebot4_python_tutorials:/home/aymon/turtlebot4_ws/install/object_search:/home/aymon/turtlebot4_ws/install/frontier_exploration:/opt/ros/jazzy DEBUGINFOD_URLS=https://debuginfod.ubuntu.com /usr/bin/cmake --build /home/aymon/frontier_exploration_ws/build/frontier_exploration -- -j16 -l16
[1.171s] DEBUG:colcon.colcon_core.event_handler.log_command:Invoked command in '/home/aymon/frontier_exploration_ws/build/frontier_exploration' returned '0': CMAKE_PREFIX_PATH=${CMAKE_PREFIX_PATH}:/home/aymon/turtlebot4_ws/install/turtlebot4_python_tutorials:/home/aymon/turtlebot4_ws/install/object_search:/home/aymon/turtlebot4_ws/install/frontier_exploration:/opt/ros/jazzy DEBUGINFOD_URLS=https://debuginfod.ubuntu.com /usr/bin/cmake --build /home/aymon/frontier_exploration_ws/build/frontier_exploration -- -j16 -l16
[1.181s] DEBUG:colcon.colcon_core.event_handler.log_command:Invoking command in '/home/aymon/frontier_exploration_ws/build/frontier_exploration': CMAKE_PREFIX_PATH=${CMAKE_PREFIX_PATH}:/home/aymon/turtlebot4_ws/install/turtlebot4_python_tutorials:/home/aymon/turtlebot4_ws/install/object_search:/home/aymon/turtlebot4_ws/install/frontier_exploration:/opt/ros/jazzy DEBUGINFOD_URLS=https://debuginfod.ubuntu.com /usr/bin/cmake --install /home/aymon/frontier_exploration_ws/build/frontier_exploration
[1.192s] Level 1:colcon.colcon_core.environment:create_environment_scripts_only(frontier_exploration)
[1.192s] DEBUG:colcon.colcon_core.event_handler.log_command:Invoked command in '/home/aymon/frontier_exploration_ws/build/frontier_exploration' returned '0': CMAKE_PREFIX_PATH=${CMAKE_PREFIX_PATH}:/home/aymon/turtlebot4_ws/install/turtlebot4_python_tutorials:/home/aymon/turtlebot4_ws/install/object_search:/home/aymon/turtlebot4_ws/install/frontier_exploration:/opt/ros/jazzy DEBUGINFOD_URLS=https://debuginfod.ubuntu.com /usr/bin/cmake --install /home/aymon/frontier_exploration_ws/build/frontier_exploration
[1.195s] Level 1:colcon.colcon_core.environment:checking '/home/aymon/frontier_exploration_ws/install/frontier_exploration' for CMake module files
[1.196s] Level 1:colcon.colcon_core.environment:checking '/home/aymon/frontier_exploration_ws/install/frontier_exploration' for CMake config files
[1.196s] Level 1:colcon.colcon_core.shell:create_environment_hook('frontier_exploration', 'cmake_prefix_path')
[1.196s] INFO:colcon.colcon_core.shell:Creating environment hook '/home/aymon/frontier_exploration_ws/install/frontier_exploration/share/frontier_exploration/hook/cmake_prefix_path.ps1'
[1.197s] INFO:colcon.colcon_core.shell:Creating environment descriptor '/home/aymon/frontier_exploration_ws/install/frontier_exploration/share/frontier_exploration/hook/cmake_prefix_path.dsv'
[1.197s] INFO:colcon.colcon_core.shell:Creating environment hook '/home/aymon/frontier_exploration_ws/install/frontier_exploration/share/frontier_exploration/hook/cmake_prefix_path.sh'
[1.198s] Level 1:colcon.colcon_core.environment:checking '/home/aymon/frontier_exploration_ws/install/frontier_exploration/bin'
[1.198s] Level 1:colcon.colcon_core.environment:checking '/home/aymon/frontier_exploration_ws/install/frontier_exploration/lib/pkgconfig/frontier_exploration.pc'
[1.198s] Level 1:colcon.colcon_core.environment:checking '/home/aymon/frontier_exploration_ws/install/frontier_exploration/lib/python3.12/site-packages'
[1.198s] Level 1:colcon.colcon_core.environment:checking '/home/aymon/frontier_exploration_ws/install/frontier_exploration/bin'
[1.198s] INFO:colcon.colcon_core.shell:Creating package script '/home/aymon/frontier_exploration_ws/install/frontier_exploration/share/frontier_exploration/package.ps1'
[1.199s] INFO:colcon.colcon_core.shell:Creating package descriptor '/home/aymon/frontier_exploration_ws/install/frontier_exploration/share/frontier_exploration/package.dsv'
[1.199s] INFO:colcon.colcon_core.shell:Creating package script '/home/aymon/frontier_exploration_ws/install/frontier_exploration/share/frontier_exploration/package.sh'
[1.200s] INFO:colcon.colcon_core.shell:Creating package script '/home/aymon/frontier_exploration_ws/install/frontier_exploration/share/frontier_exploration/package.bash'
[1.200s] INFO:colcon.colcon_core.shell:Creating package script '/home/aymon/frontier_exploration_ws/install/frontier_exploration/share/frontier_exploration/package.zsh'
[1.201s] Level 1:colcon.colcon_core.environment:create_file_with_runtime_dependencies(/home/aymon/frontier_exploration_ws/install/frontier_exploration/share/colcon-core/packages/frontier_exploration)
[1.201s] Level 1:colcon.colcon_core.environment:create_environment_scripts_only(frontier_exploration)
[1.201s] Level 1:colcon.colcon_core.environment:checking '/home/aymon/frontier_exploration_ws/install/frontier_exploration' for CMake module files
[1.202s] Level 1:colcon.colcon_core.environment:checking '/home/aymon/frontier_exploration_ws/install/frontier_exploration' for CMake config files
[1.202s] Level 1:colcon.colcon_core.shell:create_environment_hook('frontier_exploration', 'cmake_prefix_path')
[1.202s] INFO:colcon.colcon_core.shell:Creating environment hook '/home/aymon/frontier_exploration_ws/install/frontier_exploration/share/frontier_exploration/hook/cmake_prefix_path.ps1'
[1.202s] INFO:colcon.colcon_core.shell:Creating environment descriptor '/home/aymon/frontier_exploration_ws/install/frontier_exploration/share/frontier_exploration/hook/cmake_prefix_path.dsv'
[1.203s] INFO:colcon.colcon_core.shell:Creating environment hook '/home/aymon/frontier_exploration_ws/install/frontier_exploration/share/frontier_exploration/hook/cmake_prefix_path.sh'
[1.203s] Level 1:colcon.colcon_core.environment:checking '/home/aymon/frontier_exploration_ws/install/frontier_exploration/bin'
[1.203s] Level 1:colcon.colcon_core.environment:checking '/home/aymon/frontier_exploration_ws/install/frontier_exploration/lib/pkgconfig/frontier_exploration.pc'
[1.203s] Level 1:colcon.colcon_core.environment:checking '/home/aymon/frontier_exploration_ws/install/frontier_exploration/lib/python3.12/site-packages'
[1.203s] Level 1:colcon.colcon_core.environment:checking '/home/aymon/frontier_exploration_ws/install/frontier_exploration/bin'
[1.203s] INFO:colcon.colcon_core.shell:Creating package script '/home/aymon/frontier_exploration_ws/install/frontier_exploration/share/frontier_exploration/package.ps1'
[1.204s] INFO:colcon.colcon_core.shell:Creating package descriptor '/home/aymon/frontier_exploration_ws/install/frontier_exploration/share/frontier_exploration/package.dsv'
[1.204s] INFO:colcon.colcon_core.shell:Creating package script '/home/aymon/frontier_exploration_ws/install/frontier_exploration/share/frontier_exploration/package.sh'
[1.204s] INFO:colcon.colcon_core.shell:Creating package script '/home/aymon/frontier_exploration_ws/install/frontier_exploration/share/frontier_exploration/package.bash'
[1.204s] INFO:colcon.colcon_core.shell:Creating package script '/home/aymon/frontier_exploration_ws/install/frontier_exploration/share/frontier_exploration/package.zsh'
[1.205s] Level 1:colcon.colcon_core.environment:create_file_with_runtime_dependencies(/home/aymon/frontier_exploration_ws/install/frontier_exploration/share/colcon-core/packages/frontier_exploration)
[1.205s] DEBUG:colcon.colcon_parallel_executor.executor.parallel:closing loop
[1.205s] DEBUG:colcon.colcon_parallel_executor.executor.parallel:loop closed
[1.205s] DEBUG:colcon.colcon_parallel_executor.executor.parallel:run_until_complete finished with '0'
[1.205s] DEBUG:colcon.colcon_core.event_reactor:joining thread
[1.211s] INFO:colcon.colcon_core.plugin_system:Skipping extension 'colcon_notification.desktop_notification.terminal_notifier': Not used on non-Darwin systems
[1.211s] INFO:colcon.colcon_core.plugin_system:Skipping extension 'colcon_notification.desktop_notification.win32': Not used on non-Windows systems
[1.211s] INFO:colcon.colcon_notification.desktop_notification:Sending desktop notification using 'notify2'
[1.221s] DEBUG:colcon.colcon_core.event_reactor:joined thread
[1.222s] INFO:colcon.colcon_core.shell:Creating prefix script '/home/aymon/frontier_exploration_ws/install/local_setup.ps1'
[1.223s] INFO:colcon.colcon_core.shell:Creating prefix util module '/home/aymon/frontier_exploration_ws/install/_local_setup_util_ps1.py'
[1.224s] INFO:colcon.colcon_core.shell:Creating prefix chain script '/home/aymon/frontier_exploration_ws/install/setup.ps1'
[1.225s] INFO:colcon.colcon_core.shell:Creating prefix script '/home/aymon/frontier_exploration_ws/install/local_setup.sh'
[1.226s] INFO:colcon.colcon_core.shell:Creating prefix util module '/home/aymon/frontier_exploration_ws/install/_local_setup_util_sh.py'
[1.226s] INFO:colcon.colcon_core.shell:Creating prefix chain script '/home/aymon/frontier_exploration_ws/install/setup.sh'
[1.227s] INFO:colcon.colcon_core.shell:Creating prefix script '/home/aymon/frontier_exploration_ws/install/local_setup.bash'
[1.228s] INFO:colcon.colcon_core.shell:Creating prefix chain script '/home/aymon/frontier_exploration_ws/install/setup.bash'
[1.228s] INFO:colcon.colcon_core.shell:Creating prefix script '/home/aymon/frontier_exploration_ws/install/local_setup.zsh'
[1.229s] INFO:colcon.colcon_core.shell:Creating prefix chain script '/home/aymon/frontier_exploration_ws/install/setup.zsh'
