[0.010s] Invoking command in '/home/aymon/frontier_exploration_ws/build/frontier_exploration': CMAKE_PREFIX_PATH=${CMAKE_PREFIX_PATH}:/home/aymon/turtlebot4_ws/install/turtlebot4_python_tutorials:/home/aymon/turtlebot4_ws/install/object_search:/home/aymon/turtlebot4_ws/install/frontier_exploration:/opt/ros/jazzy DEBUGINFOD_URLS=https://debuginfod.ubuntu.com /usr/bin/cmake /home/aymon/frontier_exploration_ws/src/frontier_exploration -DCMAKE_INSTALL_PREFIX=/home/aymon/frontier_exploration_ws/install/frontier_exploration
[0.135s] -- The C compiler identification is GNU 13.3.0
[0.224s] -- The CXX compiler identification is GNU 13.3.0
[0.243s] -- Detecting C compiler ABI info
[0.336s] -- Detecting C compiler ABI info - done
[0.343s] -- Check for working C compiler: /usr/bin/cc - skipped
[0.343s] -- Detecting C compile features
[0.344s] -- Detecting C compile features - done
[0.353s] -- Detecting CXX compiler ABI info
[0.445s] -- Detecting CXX compiler ABI info - done
[0.452s] -- Check for working CXX compiler: /usr/bin/c++ - skipped
[0.453s] -- Detecting CXX compile features
[0.453s] -- Detecting CXX compile features - done
[0.463s] -- Found ament_cmake: 2.5.3 (/opt/ros/jazzy/share/ament_cmake/cmake)
[0.611s] -- Found Python3: /usr/bin/python3 (found version "3.12.3") found components: Interpreter 
[0.755s] -- Found ament_lint_auto: 0.17.1 (/opt/ros/jazzy/share/ament_lint_auto/cmake)
[0.859s] -- Added test 'flake8' to check Python code syntax and style conventions
[0.859s] -- Configured 'flake8' exclude dirs and/or files: 
[0.860s] -- Added test 'lint_cmake' to check CMake code style
[0.861s] -- Added test 'pep257' to check Python code against some of the docstring style conventions in PEP 257
[0.862s] -- Added test 'xmllint' to check XML markup files
[0.865s] -- Configuring done (0.8s)
[0.868s] -- Generating done (0.0s)
[0.869s] -- Build files have been written to: /home/aymon/frontier_exploration_ws/build/frontier_exploration
[0.874s] Invoked command in '/home/aymon/frontier_exploration_ws/build/frontier_exploration' returned '0': CMAKE_PREFIX_PATH=${CMAKE_PREFIX_PATH}:/home/aymon/turtlebot4_ws/install/turtlebot4_python_tutorials:/home/aymon/turtlebot4_ws/install/object_search:/home/aymon/turtlebot4_ws/install/frontier_exploration:/opt/ros/jazzy DEBUGINFOD_URLS=https://debuginfod.ubuntu.com /usr/bin/cmake /home/aymon/frontier_exploration_ws/src/frontier_exploration -DCMAKE_INSTALL_PREFIX=/home/aymon/frontier_exploration_ws/install/frontier_exploration
[0.875s] Invoking command in '/home/aymon/frontier_exploration_ws/build/frontier_exploration': CMAKE_PREFIX_PATH=${CMAKE_PREFIX_PATH}:/home/aymon/turtlebot4_ws/install/turtlebot4_python_tutorials:/home/aymon/turtlebot4_ws/install/object_search:/home/aymon/turtlebot4_ws/install/frontier_exploration:/opt/ros/jazzy DEBUGINFOD_URLS=https://debuginfod.ubuntu.com /usr/bin/cmake --build /home/aymon/frontier_exploration_ws/build/frontier_exploration -- -j16 -l16
[0.916s] Invoked command in '/home/aymon/frontier_exploration_ws/build/frontier_exploration' returned '0': CMAKE_PREFIX_PATH=${CMAKE_PREFIX_PATH}:/home/aymon/turtlebot4_ws/install/turtlebot4_python_tutorials:/home/aymon/turtlebot4_ws/install/object_search:/home/aymon/turtlebot4_ws/install/frontier_exploration:/opt/ros/jazzy DEBUGINFOD_URLS=https://debuginfod.ubuntu.com /usr/bin/cmake --build /home/aymon/frontier_exploration_ws/build/frontier_exploration -- -j16 -l16
[0.926s] Invoking command in '/home/aymon/frontier_exploration_ws/build/frontier_exploration': CMAKE_PREFIX_PATH=${CMAKE_PREFIX_PATH}:/home/aymon/turtlebot4_ws/install/turtlebot4_python_tutorials:/home/aymon/turtlebot4_ws/install/object_search:/home/aymon/turtlebot4_ws/install/frontier_exploration:/opt/ros/jazzy DEBUGINFOD_URLS=https://debuginfod.ubuntu.com /usr/bin/cmake --install /home/aymon/frontier_exploration_ws/build/frontier_exploration
[0.934s] -- Install configuration: ""
[0.934s] -- Installing: /home/aymon/frontier_exploration_ws/install/frontier_exploration/share/ament_index/resource_index/package_run_dependencies/frontier_exploration
[0.934s] -- Installing: /home/aymon/frontier_exploration_ws/install/frontier_exploration/share/ament_index/resource_index/parent_prefix_path/frontier_exploration
[0.935s] -- Installing: /home/aymon/frontier_exploration_ws/install/frontier_exploration/share/frontier_exploration/environment/ament_prefix_path.sh
[0.935s] -- Installing: /home/aymon/frontier_exploration_ws/install/frontier_exploration/share/frontier_exploration/environment/ament_prefix_path.dsv
[0.935s] -- Installing: /home/aymon/frontier_exploration_ws/install/frontier_exploration/share/frontier_exploration/environment/path.sh
[0.935s] -- Installing: /home/aymon/frontier_exploration_ws/install/frontier_exploration/share/frontier_exploration/environment/path.dsv
[0.935s] -- Installing: /home/aymon/frontier_exploration_ws/install/frontier_exploration/share/frontier_exploration/local_setup.bash
[0.935s] -- Installing: /home/aymon/frontier_exploration_ws/install/frontier_exploration/share/frontier_exploration/local_setup.sh
[0.935s] -- Installing: /home/aymon/frontier_exploration_ws/install/frontier_exploration/share/frontier_exploration/local_setup.zsh
[0.935s] -- Installing: /home/aymon/frontier_exploration_ws/install/frontier_exploration/share/frontier_exploration/local_setup.dsv
[0.936s] -- Installing: /home/aymon/frontier_exploration_ws/install/frontier_exploration/share/frontier_exploration/package.dsv
[0.936s] -- Installing: /home/aymon/frontier_exploration_ws/install/frontier_exploration/share/ament_index/resource_index/packages/frontier_exploration
[0.936s] -- Installing: /home/aymon/frontier_exploration_ws/install/frontier_exploration/share/frontier_exploration/cmake/frontier_explorationConfig.cmake
[0.936s] -- Installing: /home/aymon/frontier_exploration_ws/install/frontier_exploration/share/frontier_exploration/cmake/frontier_explorationConfig-version.cmake
[0.936s] -- Installing: /home/aymon/frontier_exploration_ws/install/frontier_exploration/share/frontier_exploration/package.xml
[0.938s] Invoked command in '/home/aymon/frontier_exploration_ws/build/frontier_exploration' returned '0': CMAKE_PREFIX_PATH=${CMAKE_PREFIX_PATH}:/home/aymon/turtlebot4_ws/install/turtlebot4_python_tutorials:/home/aymon/turtlebot4_ws/install/object_search:/home/aymon/turtlebot4_ws/install/frontier_exploration:/opt/ros/jazzy DEBUGINFOD_URLS=https://debuginfod.ubuntu.com /usr/bin/cmake --install /home/aymon/frontier_exploration_ws/build/frontier_exploration
