[0.031s] Invoking command in '/home/aymon/frontier_exploration_ws/build/frontier_exploration': CMAKE_PREFIX_PATH=${CMAKE_PREFIX_PATH}:/home/aymon/turtlebot4_ws/install/turtlebot4_python_tutorials:/home/aymon/turtlebot4_ws/install/object_search:/home/aymon/turtlebot4_ws/install/frontier_exploration:/opt/ros/jazzy DEBUGINFOD_URLS=https://debuginfod.ubuntu.com /usr/bin/cmake --build /home/aymon/frontier_exploration_ws/build/frontier_exploration -- -j16 -l16
[0.153s] Invoked command in '/home/aymon/frontier_exploration_ws/build/frontier_exploration' returned '0': CMAKE_PREFIX_PATH=${CMAKE_PREFIX_PATH}:/home/aymon/turtlebot4_ws/install/turtlebot4_python_tutorials:/home/aymon/turtlebot4_ws/install/object_search:/home/aymon/turtlebot4_ws/install/frontier_exploration:/opt/ros/jazzy DEBUGINFOD_URLS=https://debuginfod.ubuntu.com /usr/bin/cmake --build /home/aymon/frontier_exploration_ws/build/frontier_exploration -- -j16 -l16
[0.186s] Invoking command in '/home/aymon/frontier_exploration_ws/build/frontier_exploration': CMAKE_PREFIX_PATH=${CMAKE_PREFIX_PATH}:/home/aymon/turtlebot4_ws/install/turtlebot4_python_tutorials:/home/aymon/turtlebot4_ws/install/object_search:/home/aymon/turtlebot4_ws/install/frontier_exploration:/opt/ros/jazzy DEBUGINFOD_URLS=https://debuginfod.ubuntu.com /usr/bin/cmake --install /home/aymon/frontier_exploration_ws/build/frontier_exploration
[0.211s] -- Install configuration: ""
[0.212s] -- Up-to-date: /home/aymon/frontier_exploration_ws/install/frontier_exploration/share/ament_index/resource_index/package_run_dependencies/frontier_exploration
[0.213s] -- Up-to-date: /home/aymon/frontier_exploration_ws/install/frontier_exploration/share/ament_index/resource_index/parent_prefix_path/frontier_exploration
[0.213s] -- Up-to-date: /home/aymon/frontier_exploration_ws/install/frontier_exploration/share/frontier_exploration/environment/ament_prefix_path.sh
[0.213s] -- Up-to-date: /home/aymon/frontier_exploration_ws/install/frontier_exploration/share/frontier_exploration/environment/ament_prefix_path.dsv
[0.213s] -- Up-to-date: /home/aymon/frontier_exploration_ws/install/frontier_exploration/share/frontier_exploration/environment/path.sh
[0.213s] -- Up-to-date: /home/aymon/frontier_exploration_ws/install/frontier_exploration/share/frontier_exploration/environment/path.dsv
[0.214s] -- Up-to-date: /home/aymon/frontier_exploration_ws/install/frontier_exploration/share/frontier_exploration/local_setup.bash
[0.214s] -- Up-to-date: /home/aymon/frontier_exploration_ws/install/frontier_exploration/share/frontier_exploration/local_setup.sh
[0.214s] -- Up-to-date: /home/aymon/frontier_exploration_ws/install/frontier_exploration/share/frontier_exploration/local_setup.zsh
[0.215s] -- Up-to-date: /home/aymon/frontier_exploration_ws/install/frontier_exploration/share/frontier_exploration/local_setup.dsv
[0.215s] -- Installing: /home/aymon/frontier_exploration_ws/install/frontier_exploration/share/frontier_exploration/package.dsv
[0.215s] -- Up-to-date: /home/aymon/frontier_exploration_ws/install/frontier_exploration/share/ament_index/resource_index/packages/frontier_exploration
[0.215s] -- Up-to-date: /home/aymon/frontier_exploration_ws/install/frontier_exploration/share/frontier_exploration/cmake/frontier_explorationConfig.cmake
[0.215s] -- Up-to-date: /home/aymon/frontier_exploration_ws/install/frontier_exploration/share/frontier_exploration/cmake/frontier_explorationConfig-version.cmake
[0.216s] -- Up-to-date: /home/aymon/frontier_exploration_ws/install/frontier_exploration/share/frontier_exploration/package.xml
[0.219s] Invoked command in '/home/aymon/frontier_exploration_ws/build/frontier_exploration' returned '0': CMAKE_PREFIX_PATH=${CMAKE_PREFIX_PATH}:/home/aymon/turtlebot4_ws/install/turtlebot4_python_tutorials:/home/aymon/turtlebot4_ws/install/object_search:/home/aymon/turtlebot4_ws/install/frontier_exploration:/opt/ros/jazzy DEBUGINFOD_URLS=https://debuginfod.ubuntu.com /usr/bin/cmake --install /home/aymon/frontier_exploration_ws/build/frontier_exploration
