[0.096s] DEBUG:colcon:Command line arguments: ['/usr/bin/colcon', 'build']
[0.096s] DEBUG:colcon:Parsed command line arguments: Namespace(log_base=None, log_level=None, verb_name='build', build_base='build', install_base='install', merge_install=False, symlink_install=False, test_result_base=None, continue_on_error=False, executor='parallel', parallel_workers=16, event_handlers=None, ignore_user_meta=False, metas=['./colcon.meta'], base_paths=['.'], packages_ignore=None, packages_ignore_regex=None, paths=None, packages_up_to=None, packages_up_to_regex=None, packages_above=None, packages_above_and_dependencies=None, packages_above_depth=None, packages_select_by_dep=None, packages_skip_by_dep=None, packages_skip_up_to=None, packages_select_build_failed=False, packages_skip_build_finished=False, packages_select_test_failures=False, packages_skip_test_passed=False, packages_select=None, packages_skip=None, packages_select_regex=None, packages_skip_regex=None, packages_start=None, packages_end=None, allow_overriding=[], cmake_args=None, cmake_target=None, cmake_target_skip_unavailable=False, cmake_clean_cache=False, cmake_clean_first=False, cmake_force_configure=False, ament_cmake_args=None, catkin_cmake_args=None, catkin_skip_building_tests=False, mixin_files=None, mixin=None, verb_parser=<colcon_mixin.mixin.mixin_argument.MixinArgumentDecorator object at 0x701e61f99970>, verb_extension=<colcon_core.verb.build.BuildVerb object at 0x701e620bda90>, main=<bound method BuildVerb.main of <colcon_core.verb.build.BuildVerb object at 0x701e620bda90>>, mixin_verb=('build',))
[0.129s] Level 1:colcon.colcon_core.package_discovery:discover_packages(colcon_meta) check parameters
[0.129s] Level 1:colcon.colcon_core.package_discovery:discover_packages(recursive) check parameters
[0.129s] Level 1:colcon.colcon_core.package_discovery:discover_packages(ignore) check parameters
[0.129s] Level 1:colcon.colcon_core.package_discovery:discover_packages(path) check parameters
[0.129s] Level 1:colcon.colcon_core.package_discovery:discover_packages(colcon_meta) discover
[0.129s] Level 1:colcon.colcon_core.package_discovery:discover_packages(recursive) discover
[0.130s] INFO:colcon.colcon_core.package_discovery:Crawling recursively for packages in '/home/aymon/frontier_exploration_ws'
[0.130s] Level 1:colcon.colcon_core.package_identification:_identify(.) by extensions ['ignore', 'ignore_ament_install']
[0.130s] Level 1:colcon.colcon_core.package_identification:_identify(.) by extension 'ignore'
[0.130s] Level 1:colcon.colcon_core.package_identification:_identify(.) by extension 'ignore_ament_install'
[0.130s] Level 1:colcon.colcon_core.package_identification:_identify(.) by extensions ['colcon_pkg']
[0.130s] Level 1:colcon.colcon_core.package_identification:_identify(.) by extension 'colcon_pkg'
[0.130s] Level 1:colcon.colcon_core.package_identification:_identify(.) by extensions ['colcon_meta']
[0.130s] Level 1:colcon.colcon_core.package_identification:_identify(.) by extension 'colcon_meta'
[0.130s] Level 1:colcon.colcon_core.package_identification:_identify(.) by extensions ['ros']
[0.130s] Level 1:colcon.colcon_core.package_identification:_identify(.) by extension 'ros'
[0.151s] Level 1:colcon.colcon_core.package_identification:_identify(.) by extensions ['cmake', 'python']
[0.151s] Level 1:colcon.colcon_core.package_identification:_identify(.) by extension 'cmake'
[0.151s] Level 1:colcon.colcon_core.package_identification:_identify(.) by extension 'python'
[0.151s] Level 1:colcon.colcon_core.package_identification:_identify(.) by extensions ['python_setup_py']
[0.151s] Level 1:colcon.colcon_core.package_identification:_identify(.) by extension 'python_setup_py'
[0.151s] Level 1:colcon.colcon_core.package_identification:_identify(build) by extensions ['ignore', 'ignore_ament_install']
[0.151s] Level 1:colcon.colcon_core.package_identification:_identify(build) by extension 'ignore'
[0.151s] Level 1:colcon.colcon_core.package_identification:_identify(build) ignored
[0.151s] Level 1:colcon.colcon_core.package_identification:_identify(frontier_exploration) by extensions ['ignore', 'ignore_ament_install']
[0.151s] Level 1:colcon.colcon_core.package_identification:_identify(frontier_exploration) by extension 'ignore'
[0.151s] Level 1:colcon.colcon_core.package_identification:_identify(frontier_exploration) by extension 'ignore_ament_install'
[0.151s] Level 1:colcon.colcon_core.package_identification:_identify(frontier_exploration) by extensions ['colcon_pkg']
[0.151s] Level 1:colcon.colcon_core.package_identification:_identify(frontier_exploration) by extension 'colcon_pkg'
[0.151s] Level 1:colcon.colcon_core.package_identification:_identify(frontier_exploration) by extensions ['colcon_meta']
[0.151s] Level 1:colcon.colcon_core.package_identification:_identify(frontier_exploration) by extension 'colcon_meta'
[0.152s] Level 1:colcon.colcon_core.package_identification:_identify(frontier_exploration) by extensions ['ros']
[0.152s] Level 1:colcon.colcon_core.package_identification:_identify(frontier_exploration) by extension 'ros'
[0.154s] DEBUG:colcon.colcon_core.package_identification:Package 'frontier_exploration' with type 'ros.ament_python' and name 'frontier_exploration'
[0.154s] Level 1:colcon.colcon_core.package_identification:_identify(install) by extensions ['ignore', 'ignore_ament_install']
[0.154s] Level 1:colcon.colcon_core.package_identification:_identify(install) by extension 'ignore'
[0.154s] Level 1:colcon.colcon_core.package_identification:_identify(install) ignored
[0.154s] Level 1:colcon.colcon_core.package_identification:_identify(log) by extensions ['ignore', 'ignore_ament_install']
[0.154s] Level 1:colcon.colcon_core.package_identification:_identify(log) by extension 'ignore'
[0.154s] Level 1:colcon.colcon_core.package_identification:_identify(log) ignored
[0.154s] Level 1:colcon.colcon_core.package_identification:_identify(training_data) by extensions ['ignore', 'ignore_ament_install']
[0.154s] Level 1:colcon.colcon_core.package_identification:_identify(training_data) by extension 'ignore'
[0.154s] Level 1:colcon.colcon_core.package_identification:_identify(training_data) by extension 'ignore_ament_install'
[0.154s] Level 1:colcon.colcon_core.package_identification:_identify(training_data) by extensions ['colcon_pkg']
[0.154s] Level 1:colcon.colcon_core.package_identification:_identify(training_data) by extension 'colcon_pkg'
[0.154s] Level 1:colcon.colcon_core.package_identification:_identify(training_data) by extensions ['colcon_meta']
[0.154s] Level 1:colcon.colcon_core.package_identification:_identify(training_data) by extension 'colcon_meta'
[0.154s] Level 1:colcon.colcon_core.package_identification:_identify(training_data) by extensions ['ros']
[0.154s] Level 1:colcon.colcon_core.package_identification:_identify(training_data) by extension 'ros'
[0.154s] Level 1:colcon.colcon_core.package_identification:_identify(training_data) by extensions ['cmake', 'python']
[0.154s] Level 1:colcon.colcon_core.package_identification:_identify(training_data) by extension 'cmake'
[0.154s] Level 1:colcon.colcon_core.package_identification:_identify(training_data) by extension 'python'
[0.154s] Level 1:colcon.colcon_core.package_identification:_identify(training_data) by extensions ['python_setup_py']
[0.155s] Level 1:colcon.colcon_core.package_identification:_identify(training_data) by extension 'python_setup_py'
[0.155s] Level 1:colcon.colcon_core.package_identification:_identify(training_data/16_01_2025_12_44_18) by extensions ['ignore', 'ignore_ament_install']
[0.155s] Level 1:colcon.colcon_core.package_identification:_identify(training_data/16_01_2025_12_44_18) by extension 'ignore'
[0.155s] Level 1:colcon.colcon_core.package_identification:_identify(training_data/16_01_2025_12_44_18) by extension 'ignore_ament_install'
[0.155s] Level 1:colcon.colcon_core.package_identification:_identify(training_data/16_01_2025_12_44_18) by extensions ['colcon_pkg']
[0.155s] Level 1:colcon.colcon_core.package_identification:_identify(training_data/16_01_2025_12_44_18) by extension 'colcon_pkg'
[0.155s] Level 1:colcon.colcon_core.package_identification:_identify(training_data/16_01_2025_12_44_18) by extensions ['colcon_meta']
[0.155s] Level 1:colcon.colcon_core.package_identification:_identify(training_data/16_01_2025_12_44_18) by extension 'colcon_meta'
[0.155s] Level 1:colcon.colcon_core.package_identification:_identify(training_data/16_01_2025_12_44_18) by extensions ['ros']
[0.155s] Level 1:colcon.colcon_core.package_identification:_identify(training_data/16_01_2025_12_44_18) by extension 'ros'
[0.155s] Level 1:colcon.colcon_core.package_identification:_identify(training_data/16_01_2025_12_44_18) by extensions ['cmake', 'python']
[0.155s] Level 1:colcon.colcon_core.package_identification:_identify(training_data/16_01_2025_12_44_18) by extension 'cmake'
[0.155s] Level 1:colcon.colcon_core.package_identification:_identify(training_data/16_01_2025_12_44_18) by extension 'python'
[0.155s] Level 1:colcon.colcon_core.package_identification:_identify(training_data/16_01_2025_12_44_18) by extensions ['python_setup_py']
[0.155s] Level 1:colcon.colcon_core.package_identification:_identify(training_data/16_01_2025_12_44_18) by extension 'python_setup_py'
[0.155s] Level 1:colcon.colcon_core.package_identification:_identify(training_data/17_01_2025_12_27_07) by extensions ['ignore', 'ignore_ament_install']
[0.155s] Level 1:colcon.colcon_core.package_identification:_identify(training_data/17_01_2025_12_27_07) by extension 'ignore'
[0.155s] Level 1:colcon.colcon_core.package_identification:_identify(training_data/17_01_2025_12_27_07) by extension 'ignore_ament_install'
[0.155s] Level 1:colcon.colcon_core.package_identification:_identify(training_data/17_01_2025_12_27_07) by extensions ['colcon_pkg']
[0.155s] Level 1:colcon.colcon_core.package_identification:_identify(training_data/17_01_2025_12_27_07) by extension 'colcon_pkg'
[0.155s] Level 1:colcon.colcon_core.package_identification:_identify(training_data/17_01_2025_12_27_07) by extensions ['colcon_meta']
[0.155s] Level 1:colcon.colcon_core.package_identification:_identify(training_data/17_01_2025_12_27_07) by extension 'colcon_meta'
[0.156s] Level 1:colcon.colcon_core.package_identification:_identify(training_data/17_01_2025_12_27_07) by extensions ['ros']
[0.156s] Level 1:colcon.colcon_core.package_identification:_identify(training_data/17_01_2025_12_27_07) by extension 'ros'
[0.156s] Level 1:colcon.colcon_core.package_identification:_identify(training_data/17_01_2025_12_27_07) by extensions ['cmake', 'python']
[0.156s] Level 1:colcon.colcon_core.package_identification:_identify(training_data/17_01_2025_12_27_07) by extension 'cmake'
[0.156s] Level 1:colcon.colcon_core.package_identification:_identify(training_data/17_01_2025_12_27_07) by extension 'python'
[0.156s] Level 1:colcon.colcon_core.package_identification:_identify(training_data/17_01_2025_12_27_07) by extensions ['python_setup_py']
[0.156s] Level 1:colcon.colcon_core.package_identification:_identify(training_data/17_01_2025_12_27_07) by extension 'python_setup_py'
[0.156s] Level 1:colcon.colcon_core.package_identification:_identify(training_data/17_01_2025_12_52_26) by extensions ['ignore', 'ignore_ament_install']
[0.156s] Level 1:colcon.colcon_core.package_identification:_identify(training_data/17_01_2025_12_52_26) by extension 'ignore'
[0.156s] Level 1:colcon.colcon_core.package_identification:_identify(training_data/17_01_2025_12_52_26) by extension 'ignore_ament_install'
[0.156s] Level 1:colcon.colcon_core.package_identification:_identify(training_data/17_01_2025_12_52_26) by extensions ['colcon_pkg']
[0.156s] Level 1:colcon.colcon_core.package_identification:_identify(training_data/17_01_2025_12_52_26) by extension 'colcon_pkg'
[0.156s] Level 1:colcon.colcon_core.package_identification:_identify(training_data/17_01_2025_12_52_26) by extensions ['colcon_meta']
[0.156s] Level 1:colcon.colcon_core.package_identification:_identify(training_data/17_01_2025_12_52_26) by extension 'colcon_meta'
[0.156s] Level 1:colcon.colcon_core.package_identification:_identify(training_data/17_01_2025_12_52_26) by extensions ['ros']
[0.156s] Level 1:colcon.colcon_core.package_identification:_identify(training_data/17_01_2025_12_52_26) by extension 'ros'
[0.156s] Level 1:colcon.colcon_core.package_identification:_identify(training_data/17_01_2025_12_52_26) by extensions ['cmake', 'python']
[0.156s] Level 1:colcon.colcon_core.package_identification:_identify(training_data/17_01_2025_12_52_26) by extension 'cmake'
[0.156s] Level 1:colcon.colcon_core.package_identification:_identify(training_data/17_01_2025_12_52_26) by extension 'python'
[0.156s] Level 1:colcon.colcon_core.package_identification:_identify(training_data/17_01_2025_12_52_26) by extensions ['python_setup_py']
[0.156s] Level 1:colcon.colcon_core.package_identification:_identify(training_data/17_01_2025_12_52_26) by extension 'python_setup_py'
[0.156s] Level 1:colcon.colcon_core.package_identification:_identify(training_data/17_01_2025_14_13_19) by extensions ['ignore', 'ignore_ament_install']
[0.156s] Level 1:colcon.colcon_core.package_identification:_identify(training_data/17_01_2025_14_13_19) by extension 'ignore'
[0.157s] Level 1:colcon.colcon_core.package_identification:_identify(training_data/17_01_2025_14_13_19) by extension 'ignore_ament_install'
[0.157s] Level 1:colcon.colcon_core.package_identification:_identify(training_data/17_01_2025_14_13_19) by extensions ['colcon_pkg']
[0.157s] Level 1:colcon.colcon_core.package_identification:_identify(training_data/17_01_2025_14_13_19) by extension 'colcon_pkg'
[0.157s] Level 1:colcon.colcon_core.package_identification:_identify(training_data/17_01_2025_14_13_19) by extensions ['colcon_meta']
[0.157s] Level 1:colcon.colcon_core.package_identification:_identify(training_data/17_01_2025_14_13_19) by extension 'colcon_meta'
[0.157s] Level 1:colcon.colcon_core.package_identification:_identify(training_data/17_01_2025_14_13_19) by extensions ['ros']
[0.157s] Level 1:colcon.colcon_core.package_identification:_identify(training_data/17_01_2025_14_13_19) by extension 'ros'
[0.157s] Level 1:colcon.colcon_core.package_identification:_identify(training_data/17_01_2025_14_13_19) by extensions ['cmake', 'python']
[0.157s] Level 1:colcon.colcon_core.package_identification:_identify(training_data/17_01_2025_14_13_19) by extension 'cmake'
[0.157s] Level 1:colcon.colcon_core.package_identification:_identify(training_data/17_01_2025_14_13_19) by extension 'python'
[0.157s] Level 1:colcon.colcon_core.package_identification:_identify(training_data/17_01_2025_14_13_19) by extensions ['python_setup_py']
[0.157s] Level 1:colcon.colcon_core.package_identification:_identify(training_data/17_01_2025_14_13_19) by extension 'python_setup_py'
[0.157s] Level 1:colcon.colcon_core.package_identification:_identify(training_data/21_01_2025_13_16_14) by extensions ['ignore', 'ignore_ament_install']
[0.157s] Level 1:colcon.colcon_core.package_identification:_identify(training_data/21_01_2025_13_16_14) by extension 'ignore'
[0.157s] Level 1:colcon.colcon_core.package_identification:_identify(training_data/21_01_2025_13_16_14) by extension 'ignore_ament_install'
[0.157s] Level 1:colcon.colcon_core.package_identification:_identify(training_data/21_01_2025_13_16_14) by extensions ['colcon_pkg']
[0.157s] Level 1:colcon.colcon_core.package_identification:_identify(training_data/21_01_2025_13_16_14) by extension 'colcon_pkg'
[0.157s] Level 1:colcon.colcon_core.package_identification:_identify(training_data/21_01_2025_13_16_14) by extensions ['colcon_meta']
[0.157s] Level 1:colcon.colcon_core.package_identification:_identify(training_data/21_01_2025_13_16_14) by extension 'colcon_meta'
[0.157s] Level 1:colcon.colcon_core.package_identification:_identify(training_data/21_01_2025_13_16_14) by extensions ['ros']
[0.157s] Level 1:colcon.colcon_core.package_identification:_identify(training_data/21_01_2025_13_16_14) by extension 'ros'
[0.157s] Level 1:colcon.colcon_core.package_identification:_identify(training_data/21_01_2025_13_16_14) by extensions ['cmake', 'python']
[0.157s] Level 1:colcon.colcon_core.package_identification:_identify(training_data/21_01_2025_13_16_14) by extension 'cmake'
[0.157s] Level 1:colcon.colcon_core.package_identification:_identify(training_data/21_01_2025_13_16_14) by extension 'python'
[0.158s] Level 1:colcon.colcon_core.package_identification:_identify(training_data/21_01_2025_13_16_14) by extensions ['python_setup_py']
[0.158s] Level 1:colcon.colcon_core.package_identification:_identify(training_data/21_01_2025_13_16_14) by extension 'python_setup_py'
[0.158s] Level 1:colcon.colcon_core.package_discovery:discover_packages(recursive) using defaults
[0.158s] Level 1:colcon.colcon_core.package_discovery:discover_packages(ignore) discover
[0.158s] Level 1:colcon.colcon_core.package_discovery:discover_packages(ignore) using defaults
[0.158s] Level 1:colcon.colcon_core.package_discovery:discover_packages(path) discover
[0.158s] Level 1:colcon.colcon_core.package_discovery:discover_packages(path) using defaults
[0.172s] Level 1:colcon.colcon_core.package_discovery:discover_packages(prefix_path) check parameters
[0.172s] Level 1:colcon.colcon_core.package_discovery:discover_packages(prefix_path) discover
[0.174s] DEBUG:colcon.colcon_installed_package_information.package_discovery:Found 2 installed packages in /home/aymon/frontier_exploration_ws/install
[0.174s] DEBUG:colcon.colcon_installed_package_information.package_discovery:Found 10 installed packages in /home/aymon/turtlebot4_ws/install
[0.176s] DEBUG:colcon.colcon_installed_package_information.package_discovery:Found 453 installed packages in /opt/ros/jazzy
[0.179s] Level 1:colcon.colcon_core.package_discovery:discover_packages(prefix_path) using defaults
[0.229s] Level 5:colcon.colcon_core.verb:set package 'frontier_exploration' build argument 'cmake_args' from command line to 'None'
[0.229s] Level 5:colcon.colcon_core.verb:set package 'frontier_exploration' build argument 'cmake_target' from command line to 'None'
[0.229s] Level 5:colcon.colcon_core.verb:set package 'frontier_exploration' build argument 'cmake_target_skip_unavailable' from command line to 'False'
[0.229s] Level 5:colcon.colcon_core.verb:set package 'frontier_exploration' build argument 'cmake_clean_cache' from command line to 'False'
[0.229s] Level 5:colcon.colcon_core.verb:set package 'frontier_exploration' build argument 'cmake_clean_first' from command line to 'False'
[0.229s] Level 5:colcon.colcon_core.verb:set package 'frontier_exploration' build argument 'cmake_force_configure' from command line to 'False'
[0.230s] Level 5:colcon.colcon_core.verb:set package 'frontier_exploration' build argument 'ament_cmake_args' from command line to 'None'
[0.230s] Level 5:colcon.colcon_core.verb:set package 'frontier_exploration' build argument 'catkin_cmake_args' from command line to 'None'
[0.230s] Level 5:colcon.colcon_core.verb:set package 'frontier_exploration' build argument 'catkin_skip_building_tests' from command line to 'False'
[0.230s] DEBUG:colcon.colcon_core.verb:Building package 'frontier_exploration' with the following arguments: {'ament_cmake_args': None, 'build_base': '/home/aymon/frontier_exploration_ws/build/frontier_exploration', 'catkin_cmake_args': None, 'catkin_skip_building_tests': False, 'cmake_args': None, 'cmake_clean_cache': False, 'cmake_clean_first': False, 'cmake_force_configure': False, 'cmake_target': None, 'cmake_target_skip_unavailable': False, 'install_base': '/home/aymon/frontier_exploration_ws/install/frontier_exploration', 'merge_install': False, 'path': '/home/aymon/frontier_exploration_ws/frontier_exploration', 'symlink_install': False, 'test_result_base': None}
[0.230s] INFO:colcon.colcon_core.executor:Executing jobs using 'parallel' executor
[0.230s] DEBUG:colcon.colcon_parallel_executor.executor.parallel:run_until_complete
[0.231s] INFO:colcon.colcon_ros.task.ament_python.build:Building ROS package in '/home/aymon/frontier_exploration_ws/frontier_exploration' with build type 'ament_python'
[0.231s] Level 1:colcon.colcon_core.shell:create_environment_hook('frontier_exploration', 'ament_prefix_path')
[0.232s] INFO:colcon.colcon_core.plugin_system:Skipping extension 'colcon_core.shell.bat': Not used on non-Windows systems
[0.232s] INFO:colcon.colcon_core.shell:Creating environment hook '/home/aymon/frontier_exploration_ws/install/frontier_exploration/share/frontier_exploration/hook/ament_prefix_path.ps1'
[0.233s] INFO:colcon.colcon_core.shell:Creating environment descriptor '/home/aymon/frontier_exploration_ws/install/frontier_exploration/share/frontier_exploration/hook/ament_prefix_path.dsv'
[0.233s] INFO:colcon.colcon_core.shell:Creating environment hook '/home/aymon/frontier_exploration_ws/install/frontier_exploration/share/frontier_exploration/hook/ament_prefix_path.sh'
[0.234s] INFO:colcon.colcon_core.shell:Skip shell extension 'powershell' for command environment: Not usable outside of PowerShell
[0.234s] DEBUG:colcon.colcon_core.shell:Skip shell extension 'dsv' for command environment
[0.491s] DEBUG:colcon.colcon_parallel_executor.executor.parallel:closing loop
[0.491s] DEBUG:colcon.colcon_parallel_executor.executor.parallel:loop closed
[0.491s] DEBUG:colcon.colcon_parallel_executor.executor.parallel:run_until_complete finished with 'Command '['/usr/bin/python3', '-c', 'import sys;from contextlib import suppress;exec("with suppress(ImportError):    from setuptools.extern.packaging.specifiers    import SpecifierSet");exec("with suppress(ImportError):    from packaging.specifiers import SpecifierSet");from distutils.core import run_setup;dist = run_setup(    \'setup.py\', script_args=(\'--dry-run\',), stop_after=\'config\');skip_keys = (\'cmdclass\', \'distclass\', \'ext_modules\', \'metadata\');data = {    key: value for key, value in dist.__dict__.items()     if (        not key.startswith(\'_\') and         not callable(value) and         key not in skip_keys and         key not in dist.display_option_names    )};data[\'metadata\'] = {    k: v for k, v in dist.metadata.__dict__.items()     if k not in (\'license_files\', \'provides_extras\')};sys.stdout.buffer.write(repr(data).encode(\'utf-8\'))']' returned non-zero exit status 1.'
[0.491s] DEBUG:colcon.colcon_core.event_reactor:joining thread
[0.496s] INFO:colcon.colcon_core.plugin_system:Skipping extension 'colcon_notification.desktop_notification.terminal_notifier': Not used on non-Darwin systems
[0.496s] INFO:colcon.colcon_core.plugin_system:Skipping extension 'colcon_notification.desktop_notification.win32': Not used on non-Windows systems
[0.496s] INFO:colcon.colcon_notification.desktop_notification:Sending desktop notification using 'notify2'
[0.506s] DEBUG:colcon.colcon_core.event_reactor:joined thread
[0.506s] INFO:colcon.colcon_core.shell:Creating prefix script '/home/aymon/frontier_exploration_ws/install/local_setup.ps1'
[0.507s] INFO:colcon.colcon_core.shell:Creating prefix util module '/home/aymon/frontier_exploration_ws/install/_local_setup_util_ps1.py'
[0.508s] INFO:colcon.colcon_core.shell:Creating prefix chain script '/home/aymon/frontier_exploration_ws/install/setup.ps1'
[0.509s] INFO:colcon.colcon_core.shell:Creating prefix script '/home/aymon/frontier_exploration_ws/install/local_setup.sh'
[0.510s] INFO:colcon.colcon_core.shell:Creating prefix util module '/home/aymon/frontier_exploration_ws/install/_local_setup_util_sh.py'
[0.510s] INFO:colcon.colcon_core.shell:Creating prefix chain script '/home/aymon/frontier_exploration_ws/install/setup.sh'
[0.511s] INFO:colcon.colcon_core.shell:Creating prefix script '/home/aymon/frontier_exploration_ws/install/local_setup.bash'
[0.511s] INFO:colcon.colcon_core.shell:Creating prefix chain script '/home/aymon/frontier_exploration_ws/install/setup.bash'
[0.512s] INFO:colcon.colcon_core.shell:Creating prefix script '/home/aymon/frontier_exploration_ws/install/local_setup.zsh'
[0.513s] INFO:colcon.colcon_core.shell:Creating prefix chain script '/home/aymon/frontier_exploration_ws/install/setup.zsh'
